Archive member included to satisfy reference by file (symbol)

/home/joseluiz/Programs/gcc-arm-none-eabi-10.3-2021.10-x86_64-linux/bin/../lib/gcc/arm-none-eabi/10.3.1/../../../../arm-none-eabi/lib/thumb/v7e-m+dp/hard/libc_nano.a(lib_a-errno.o)
                              build/syscalls.o (__errno)
/home/joseluiz/Programs/gcc-arm-none-eabi-10.3-2021.10-x86_64-linux/bin/../lib/gcc/arm-none-eabi/10.3.1/../../../../arm-none-eabi/lib/thumb/v7e-m+dp/hard/libc_nano.a(lib_a-exit.o)
                              /home/joseluiz/Programs/gcc-arm-none-eabi-10.3-2021.10-x86_64-linux/bin/../lib/gcc/arm-none-eabi/10.3.1/../../../../arm-none-eabi/lib/thumb/v7e-m+dp/hard/crt0.o (exit)
/home/joseluiz/Programs/gcc-arm-none-eabi-10.3-2021.10-x86_64-linux/bin/../lib/gcc/arm-none-eabi/10.3.1/../../../../arm-none-eabi/lib/thumb/v7e-m+dp/hard/libc_nano.a(lib_a-impure.o)
                              /home/joseluiz/Programs/gcc-arm-none-eabi-10.3-2021.10-x86_64-linux/bin/../lib/gcc/arm-none-eabi/10.3.1/../../../../arm-none-eabi/lib/thumb/v7e-m+dp/hard/libc_nano.a(lib_a-exit.o) (_global_impure_ptr)
/home/joseluiz/Programs/gcc-arm-none-eabi-10.3-2021.10-x86_64-linux/bin/../lib/gcc/arm-none-eabi/10.3.1/../../../../arm-none-eabi/lib/thumb/v7e-m+dp/hard/libc_nano.a(lib_a-init.o)
                              /home/joseluiz/Programs/gcc-arm-none-eabi-10.3-2021.10-x86_64-linux/bin/../lib/gcc/arm-none-eabi/10.3.1/../../../../arm-none-eabi/lib/thumb/v7e-m+dp/hard/crt0.o (__libc_init_array)
/home/joseluiz/Programs/gcc-arm-none-eabi-10.3-2021.10-x86_64-linux/bin/../lib/gcc/arm-none-eabi/10.3.1/../../../../arm-none-eabi/lib/thumb/v7e-m+dp/hard/libc_nano.a(lib_a-memcpy-stub.o)
                              build/stm32h7xx_hal_fdcan.o (memcpy)
/home/joseluiz/Programs/gcc-arm-none-eabi-10.3-2021.10-x86_64-linux/bin/../lib/gcc/arm-none-eabi/10.3.1/../../../../arm-none-eabi/lib/thumb/v7e-m+dp/hard/libc_nano.a(lib_a-memset.o)
                              /home/joseluiz/Programs/gcc-arm-none-eabi-10.3-2021.10-x86_64-linux/bin/../lib/gcc/arm-none-eabi/10.3.1/../../../../arm-none-eabi/lib/thumb/v7e-m+dp/hard/crt0.o (memset)

Discarded input sections

 .text          0x0000000000000000        0x0 /home/joseluiz/Programs/gcc-arm-none-eabi-10.3-2021.10-x86_64-linux/bin/../lib/gcc/arm-none-eabi/10.3.1/thumb/v7e-m+dp/hard/crti.o
 .data          0x0000000000000000        0x0 /home/joseluiz/Programs/gcc-arm-none-eabi-10.3-2021.10-x86_64-linux/bin/../lib/gcc/arm-none-eabi/10.3.1/thumb/v7e-m+dp/hard/crti.o
 .bss           0x0000000000000000        0x0 /home/joseluiz/Programs/gcc-arm-none-eabi-10.3-2021.10-x86_64-linux/bin/../lib/gcc/arm-none-eabi/10.3.1/thumb/v7e-m+dp/hard/crti.o
 .data          0x0000000000000000        0x4 /home/joseluiz/Programs/gcc-arm-none-eabi-10.3-2021.10-x86_64-linux/bin/../lib/gcc/arm-none-eabi/10.3.1/thumb/v7e-m+dp/hard/crtbegin.o
 .rodata        0x0000000000000000       0x24 /home/joseluiz/Programs/gcc-arm-none-eabi-10.3-2021.10-x86_64-linux/bin/../lib/gcc/arm-none-eabi/10.3.1/thumb/v7e-m+dp/hard/crtbegin.o
 .text          0x0000000000000000       0x7c /home/joseluiz/Programs/gcc-arm-none-eabi-10.3-2021.10-x86_64-linux/bin/../lib/gcc/arm-none-eabi/10.3.1/../../../../arm-none-eabi/lib/thumb/v7e-m+dp/hard/crt0.o
 .data          0x0000000000000000        0x0 /home/joseluiz/Programs/gcc-arm-none-eabi-10.3-2021.10-x86_64-linux/bin/../lib/gcc/arm-none-eabi/10.3.1/../../../../arm-none-eabi/lib/thumb/v7e-m+dp/hard/crt0.o
 .bss           0x0000000000000000        0x0 /home/joseluiz/Programs/gcc-arm-none-eabi-10.3-2021.10-x86_64-linux/bin/../lib/gcc/arm-none-eabi/10.3.1/../../../../arm-none-eabi/lib/thumb/v7e-m+dp/hard/crt0.o
 .ARM.extab     0x0000000000000000        0x0 /home/joseluiz/Programs/gcc-arm-none-eabi-10.3-2021.10-x86_64-linux/bin/../lib/gcc/arm-none-eabi/10.3.1/../../../../arm-none-eabi/lib/thumb/v7e-m+dp/hard/crt0.o
 .ARM.exidx     0x0000000000000000       0x10 /home/joseluiz/Programs/gcc-arm-none-eabi-10.3-2021.10-x86_64-linux/bin/../lib/gcc/arm-none-eabi/10.3.1/../../../../arm-none-eabi/lib/thumb/v7e-m+dp/hard/crt0.o
 .ARM.attributes
                0x0000000000000000       0x1c /home/joseluiz/Programs/gcc-arm-none-eabi-10.3-2021.10-x86_64-linux/bin/../lib/gcc/arm-none-eabi/10.3.1/../../../../arm-none-eabi/lib/thumb/v7e-m+dp/hard/crt0.o
 .text          0x0000000000000000        0x0 build/stm32h7xx_hal.o
 .data          0x0000000000000000        0x0 build/stm32h7xx_hal.o
 .bss           0x0000000000000000        0x0 build/stm32h7xx_hal.o
 .text.HAL_MspInit
                0x0000000000000000        0x2 build/stm32h7xx_hal.o
 .text.HAL_MspDeInit
                0x0000000000000000        0x2 build/stm32h7xx_hal.o
 .text.HAL_DeInit
                0x0000000000000000       0x84 build/stm32h7xx_hal.o
 .text.HAL_InitTick
                0x0000000000000000       0x50 build/stm32h7xx_hal.o
 .text.HAL_GetTickPrio
                0x0000000000000000        0xc build/stm32h7xx_hal.o
 .text.HAL_SetTickFreq
[...]
Memory Configuration

Name             Origin             Length             Attributes
DTCMRAM          0x0000000020000000 0x0000000000020000 xrw
RAM_D1           0x0000000024000000 0x0000000000080000 xrw
RAM_D2           0x0000000030000000 0x0000000000048000 xrw
RAM_D3           0x0000000038000000 0x0000000000010000 xrw
ITCMRAM          0x0000000000000000 0x0000000000010000 xrw
FLASH            0x0000000008000000 0x0000000000200000 xr
*default*        0x0000000000000000 0xffffffffffffffff

Linker script and memory map

LOAD /home/joseluiz/Programs/gcc-arm-none-eabi-10.3-2021.10-x86_64-linux/bin/../lib/gcc/arm-none-eabi/10.3.1/thumb/v7e-m+dp/hard/crti.o
LOAD /home/joseluiz/Programs/gcc-arm-none-eabi-10.3-2021.10-x86_64-linux/bin/../lib/gcc/arm-none-eabi/10.3.1/thumb/v7e-m+dp/hard/crtbegin.o
LOAD /home/joseluiz/Programs/gcc-arm-none-eabi-10.3-2021.10-x86_64-linux/bin/../lib/gcc/arm-none-eabi/10.3.1/../../../../arm-none-eabi/lib/thumb/v7e-m+dp/hard/crt0.o
LOAD build/stm32h7xx_hal.o
LOAD build/stm32h7xx_hal_cortex.o
LOAD build/stm32h7xx_hal_dma.o
LOAD build/stm32h7xx_hal_dma_ex.o
LOAD build/stm32h7xx_hal_fdcan.o
LOAD build/stm32h7xx_hal_flash.o
LOAD build/stm32h7xx_hal_flash_ex.o
LOAD build/stm32h7xx_hal_gpio.o
LOAD build/stm32h7xx_hal_pcd.o
LOAD build/stm32h7xx_hal_pcd_ex.o
LOAD build/stm32h7xx_hal_pwr.o
LOAD build/stm32h7xx_hal_pwr_ex.o
LOAD build/stm32h7xx_hal_rcc.o
LOAD build/stm32h7xx_hal_rcc_ex.o
LOAD build/stm32h7xx_hal_tim.o
LOAD build/stm32h7xx_hal_tim_ex.o
LOAD build/stm32h7xx_hal_uart.o
LOAD build/stm32h7xx_hal_uart_ex.o
LOAD build/stm32h7xx_ll_usb.o
LOAD build/usbd_core.o
LOAD build/usbd_ctlreq.o
LOAD build/usbd_ioreq.o
LOAD build/croutine.o
LOAD build/event_groups.o
LOAD build/list.o
LOAD build/queue.o
LOAD build/stream_buffer.o
LOAD build/tasks.o
LOAD build/timers.o
LOAD build/port.o
LOAD build/heap_4.o
LOAD build/app_freertos.o
LOAD build/can.o
LOAD build/led.o
LOAD build/lin.o
LOAD build/main.o
LOAD build/syscalls.o
LOAD build/sysmem.o
LOAD build/usbd_conf.o
LOAD build/usbd_desc.o
LOAD build/usbd_gs_can.o
LOAD build/board.o
LOAD build/stm32h7xx_hal_msp.o
LOAD build/stm32h7xx_hal_timebase_tim.o
LOAD build/stm32h7xx_it.o
LOAD build/system_stm32h7xx.o
LOAD build/startup_stm32h743xx.o
LOAD /home/joseluiz/Programs/gcc-arm-none-eabi-10.3-2021.10-x86_64-linux/bin/../lib/gcc/arm-none-eabi/10.3.1/../../../../arm-none-eabi/lib/thumb/v7e-m+dp/hard/libc_nano.a
LOAD /home/joseluiz/Programs/gcc-arm-none-eabi-10.3-2021.10-x86_64-linux/bin/../lib/gcc/arm-none-eabi/10.3.1/../../../../arm-none-eabi/lib/thumb/v7e-m+dp/hard/libm.a
LOAD /home/joseluiz/Programs/gcc-arm-none-eabi-10.3-2021.10-x86_64-linux/bin/../lib/gcc/arm-none-eabi/10.3.1/../../../../arm-none-eabi/lib/thumb/v7e-m+dp/hard/libnosys.a
START GROUP
LOAD /home/joseluiz/Programs/gcc-arm-none-eabi-10.3-2021.10-x86_64-linux/bin/../lib/gcc/arm-none-eabi/10.3.1/thumb/v7e-m+dp/hard/libgcc.a
LOAD /home/joseluiz/Programs/gcc-arm-none-eabi-10.3-2021.10-x86_64-linux/bin/../lib/gcc/arm-none-eabi/10.3.1/../../../../arm-none-eabi/lib/thumb/v7e-m+dp/hard/libc_nano.a
END GROUP
START GROUP
LOAD /home/joseluiz/Programs/gcc-arm-none-eabi-10.3-2021.10-x86_64-linux/bin/../lib/gcc/arm-none-eabi/10.3.1/thumb/v7e-m+dp/hard/libgcc.a
LOAD /home/joseluiz/Programs/gcc-arm-none-eabi-10.3-2021.10-x86_64-linux/bin/../lib/gcc/arm-none-eabi/10.3.1/../../../../arm-none-eabi/lib/thumb/v7e-m+dp/hard/libc_nano.a
END GROUP
LOAD /home/joseluiz/Programs/gcc-arm-none-eabi-10.3-2021.10-x86_64-linux/bin/../lib/gcc/arm-none-eabi/10.3.1/thumb/v7e-m+dp/hard/crtend.o
LOAD /home/joseluiz/Programs/gcc-arm-none-eabi-10.3-2021.10-x86_64-linux/bin/../lib/gcc/arm-none-eabi/10.3.1/thumb/v7e-m+dp/hard/crtn.o
                0x0000000020020000                _estack = (ORIGIN (DTCMRAM) + LENGTH (DTCMRAM))
                0x0000000000000200                _Min_Heap_Size = 0x200
                0x0000000000000400                _Min_Stack_Size = 0x400

.isr_vector     0x0000000008000000      0x298
                0x0000000008000000                . = ALIGN (0x4)
 *(.isr_vector)
 .isr_vector    0x0000000008000000      0x298 build/startup_stm32h743xx.o
                0x0000000008000000                g_pfnVectors
                0x0000000008000298                . = ALIGN (0x4)

.text           0x00000000080002a0     0x834c
                0x00000000080002a0                . = ALIGN (0x4)
 *(.text)
 .text          0x00000000080002a0       0x40 /home/joseluiz/Programs/gcc-arm-none-eabi-10.3-2021.10-x86_64-linux/bin/../lib/gcc/arm-none-eabi/10.3.1/thumb/v7e-m+dp/hard/crtbegin.o
 *(.text*)
 .text.HAL_Init
                0x00000000080002e0       0x5c build/stm32h7xx_hal.o
                0x00000000080002e0                HAL_Init
 .text.HAL_IncTick
                0x000000000800033c       0x18 build/stm32h7xx_hal.o
                0x000000000800033c                HAL_IncTick
 .text.HAL_GetTick
                0x0000000008000354        0xc build/stm32h7xx_hal.o
                0x0000000008000354                HAL_GetTick
 .text.HAL_Delay
                0x0000000008000360       0x28 build/stm32h7xx_hal.o
                0x0000000008000360                HAL_Delay
 .text.HAL_GetREVID
                0x0000000008000388        0xc build/stm32h7xx_hal.o
                0x0000000008000388                HAL_GetREVID
 .text.HAL_NVIC_SetPriorityGrouping
                0x0000000008000394       0x24 build/stm32h7xx_hal_cortex.o
                0x0000000008000394                HAL_NVIC_SetPriorityGrouping
 .text.HAL_NVIC_SetPriority
                0x00000000080003b8       0x6c build/stm32h7xx_hal_cortex.o
                0x00000000080003b8                HAL_NVIC_SetPriority
 .text.HAL_NVIC_EnableIRQ
                0x0000000008000424       0x1c build/stm32h7xx_hal_cortex.o
                0x0000000008000424                HAL_NVIC_EnableIRQ
 .text.FDCAN_CalcultateRamBlockAddresses
                0x0000000008000440      0x1d4 build/stm32h7xx_hal_fdcan.o
 .text.FDCAN_CopyMessageToRAM
                0x0000000008000614       0x8c build/stm32h7xx_hal_fdcan.o
 .text.HAL_FDCAN_Init
                0x00000000080006a0      0x294 build/stm32h7xx_hal_fdcan.o
                0x00000000080006a0                HAL_FDCAN_Init
 .text.HAL_FDCAN_ConfigFilter
                0x0000000008000934       0x88 build/stm32h7xx_hal_fdcan.o
                0x0000000008000934                HAL_FDCAN_ConfigFilter
 .text.HAL_FDCAN_ConfigGlobalFilter
                0x00000000080009bc       0x36 build/stm32h7xx_hal_fdcan.o
                0x00000000080009bc                HAL_FDCAN_ConfigGlobalFilter
 .text.HAL_FDCAN_Start
                0x00000000080009f2       0x34 build/stm32h7xx_hal_fdcan.o
                0x00000000080009f2                HAL_FDCAN_Start
 .text.HAL_FDCAN_Stop
                0x0000000008000a26       0x98 build/stm32h7xx_hal_fdcan.o
                0x0000000008000a26                HAL_FDCAN_Stop
 .text.HAL_FDCAN_AddMessageToTxFifoQ
                0x0000000008000abe       0x76 build/stm32h7xx_hal_fdcan.o
                0x0000000008000abe                HAL_FDCAN_AddMessageToTxFifoQ
 .text.HAL_FDCAN_GetRxMessage
                0x0000000008000b34      0x1e8 build/stm32h7xx_hal_fdcan.o
                0x0000000008000b34                HAL_FDCAN_GetRxMessage
 .text.HAL_FDCAN_GetProtocolStatus
                0x0000000008000d1c       0x4a build/stm32h7xx_hal_fdcan.o
                0x0000000008000d1c                HAL_FDCAN_GetProtocolStatus
 *fill*         0x0000000008000d66        0x2 
 .text.HAL_FDCAN_ActivateNotification
                0x0000000008000d68       0x90 build/stm32h7xx_hal_fdcan.o
                0x0000000008000d68                HAL_FDCAN_ActivateNotification
 .text.HAL_FDCAN_DeactivateNotification
                0x0000000008000df8       0x88 build/stm32h7xx_hal_fdcan.o
                0x0000000008000df8                HAL_FDCAN_DeactivateNotification
 .text.HAL_FDCAN_ClockCalibrationCallback
                0x0000000008000e80        0x2 build/stm32h7xx_hal_fdcan.o
                0x0000000008000e80                HAL_FDCAN_ClockCalibrationCallback
 .text.HAL_FDCAN_TxEventFifoCallback
                0x0000000008000e82        0x2 build/stm32h7xx_hal_fdcan.o
                0x0000000008000e82                HAL_FDCAN_TxEventFifoCallback
 .text.HAL_FDCAN_RxFifo1Callback
                0x0000000008000e84        0x2 build/stm32h7xx_hal_fdcan.o
                0x0000000008000e84                HAL_FDCAN_RxFifo1Callback
 .text.HAL_FDCAN_TxFifoEmptyCallback
                0x0000000008000e86        0x2 build/stm32h7xx_hal_fdcan.o
                0x0000000008000e86                HAL_FDCAN_TxFifoEmptyCallback
 .text.HAL_FDCAN_TxBufferCompleteCallback
                0x0000000008000e88        0x2 build/stm32h7xx_hal_fdcan.o
                0x0000000008000e88                HAL_FDCAN_TxBufferCompleteCallback
 .text.HAL_FDCAN_TxBufferAbortCallback
                0x0000000008000e8a        0x2 build/stm32h7xx_hal_fdcan.o
                0x0000000008000e8a                HAL_FDCAN_TxBufferAbortCallback
 .text.HAL_FDCAN_RxBufferNewMessageCallback
                0x0000000008000e8c        0x2 build/stm32h7xx_hal_fdcan.o
                0x0000000008000e8c                HAL_FDCAN_RxBufferNewMessageCallback
 .text.HAL_FDCAN_TimestampWraparoundCallback
                0x0000000008000e8e        0x2 build/stm32h7xx_hal_fdcan.o
                0x0000000008000e8e                HAL_FDCAN_TimestampWraparoundCallback
 .text.HAL_FDCAN_TimeoutOccurredCallback
                0x0000000008000e90        0x2 build/stm32h7xx_hal_fdcan.o
                0x0000000008000e90                HAL_FDCAN_TimeoutOccurredCallback
 .text.HAL_FDCAN_HighPriorityMessageCallback
                0x0000000008000e92        0x2 build/stm32h7xx_hal_fdcan.o
                0x0000000008000e92                HAL_FDCAN_HighPriorityMessageCallback
 .text.HAL_FDCAN_ErrorCallback
                0x0000000008000e94        0x2 build/stm32h7xx_hal_fdcan.o
                0x0000000008000e94                HAL_FDCAN_ErrorCallback
 .text.HAL_FDCAN_TT_ScheduleSyncCallback
                0x0000000008000e96        0x2 build/stm32h7xx_hal_fdcan.o
                0x0000000008000e96                HAL_FDCAN_TT_ScheduleSyncCallback
 .text.HAL_FDCAN_TT_TimeMarkCallback
                0x0000000008000e98        0x2 build/stm32h7xx_hal_fdcan.o
                0x0000000008000e98                HAL_FDCAN_TT_TimeMarkCallback
 .text.HAL_FDCAN_TT_StopWatchCallback
                0x0000000008000e9a        0x2 build/stm32h7xx_hal_fdcan.o
                0x0000000008000e9a                HAL_FDCAN_TT_StopWatchCallback
 .text.HAL_FDCAN_TT_GlobalTimeCallback
                0x0000000008000e9c        0x2 build/stm32h7xx_hal_fdcan.o
                0x0000000008000e9c                HAL_FDCAN_TT_GlobalTimeCallback
 *fill*         0x0000000008000e9e        0x2 
 .text.HAL_FDCAN_IRQHandler
                0x0000000008000ea0      0x31c build/stm32h7xx_hal_fdcan.o
                0x0000000008000ea0                HAL_FDCAN_IRQHandler
 .text.HAL_GPIO_Init
                0x00000000080011bc      0x220 build/stm32h7xx_hal_gpio.o
                0x00000000080011bc                HAL_GPIO_Init
 .text.HAL_GPIO_ReadPin
                0x00000000080013dc        0xe build/stm32h7xx_hal_gpio.o
                0x00000000080013dc                HAL_GPIO_ReadPin
 .text.HAL_GPIO_WritePin
                0x00000000080013ea        0xc build/stm32h7xx_hal_gpio.o
                0x00000000080013ea                HAL_GPIO_WritePin
 .text.HAL_GPIO_TogglePin
                0x00000000080013f6       0x12 build/stm32h7xx_hal_gpio.o
                0x00000000080013f6                HAL_GPIO_TogglePin
 .text.PCD_WriteEmptyTxFifo
                0x0000000008001408       0xd0 build/stm32h7xx_hal_pcd.o
 .text.HAL_PCD_Init
                0x00000000080014d8      0x102 build/stm32h7xx_hal_pcd.o
                0x00000000080014d8                HAL_PCD_Init
 .text.HAL_PCD_Start
                0x00000000080015da       0x44 build/stm32h7xx_hal_pcd.o
                0x00000000080015da                HAL_PCD_Start
 *fill*         0x000000000800161e        0x2 
 .text.PCD_EP_OutXfrComplete_int
                0x0000000008001620      0x104 build/stm32h7xx_hal_pcd.o
 .text.PCD_EP_OutSetupPacket_int
                0x0000000008001724       0x50 build/stm32h7xx_hal_pcd.o
 .text.HAL_PCD_SetAddress
                0x0000000008001774       0x26 build/stm32h7xx_hal_pcd.o
                0x0000000008001774                HAL_PCD_SetAddress
 .text.HAL_PCD_EP_Open
                0x000000000800179a       0x88 build/stm32h7xx_hal_pcd.o
                0x000000000800179a                HAL_PCD_EP_Open
 .text.HAL_PCD_EP_Close
                0x0000000008001822       0x70 build/stm32h7xx_hal_pcd.o
                0x0000000008001822                HAL_PCD_EP_Close
 .text.HAL_PCD_EP_Receive
                0x0000000008001892       0x4a build/stm32h7xx_hal_pcd.o
                0x0000000008001892                HAL_PCD_EP_Receive
 .text.HAL_PCD_EP_GetRxCount
                0x00000000080018dc       0x12 build/stm32h7xx_hal_pcd.o
                0x00000000080018dc                HAL_PCD_EP_GetRxCount
 .text.HAL_PCD_EP_Transmit
                0x00000000080018ee       0x4a build/stm32h7xx_hal_pcd.o
                0x00000000080018ee                HAL_PCD_EP_Transmit
 .text.HAL_PCD_EP_SetStall
                0x0000000008001938       0x86 build/stm32h7xx_hal_pcd.o
                0x0000000008001938                HAL_PCD_EP_SetStall
 .text.HAL_PCD_EP_ClrStall
                0x00000000080019be       0x74 build/stm32h7xx_hal_pcd.o
                0x00000000080019be                HAL_PCD_EP_ClrStall
 .text.HAL_PCD_EP_Abort
                0x0000000008001a32       0x34 build/stm32h7xx_hal_pcd.o
                0x0000000008001a32                HAL_PCD_EP_Abort
 .text.HAL_PCD_IRQHandler
                0x0000000008001a66      0x5fe build/stm32h7xx_hal_pcd.o
                0x0000000008001a66                HAL_PCD_IRQHandler
 .text.HAL_PCDEx_SetTxFiFo
                0x0000000008002064       0x4c build/stm32h7xx_hal_pcd_ex.o
                0x0000000008002064                HAL_PCDEx_SetTxFiFo
 .text.HAL_PCDEx_SetRxFiFo
                0x00000000080020b0        0x8 build/stm32h7xx_hal_pcd_ex.o
                0x00000000080020b0                HAL_PCDEx_SetRxFiFo
 .text.HAL_PCDEx_ActivateLPM
                0x00000000080020b8       0x28 build/stm32h7xx_hal_pcd_ex.o
                0x00000000080020b8                HAL_PCDEx_ActivateLPM
 .text.HAL_PCDEx_LPM_Callback
                0x00000000080020e0        0x2 build/stm32h7xx_hal_pcd_ex.o
                0x00000000080020e0                HAL_PCDEx_LPM_Callback
 *fill*         0x00000000080020e2        0x2 
 .text.HAL_PWREx_ConfigSupply
                0x00000000080020e4       0x54 build/stm32h7xx_hal_pwr_ex.o
                0x00000000080020e4                HAL_PWREx_ConfigSupply
 .text.HAL_PWREx_EnableUSBVoltageDetector
                0x0000000008002138       0x10 build/stm32h7xx_hal_pwr_ex.o
                0x0000000008002138                HAL_PWREx_EnableUSBVoltageDetector
 .text.HAL_RCC_OscConfig
                0x0000000008002148      0x6b4 build/stm32h7xx_hal_rcc.o
                0x0000000008002148                HAL_RCC_OscConfig
 .text.HAL_RCC_GetSysClockFreq
                0x00000000080027fc      0x1f4 build/stm32h7xx_hal_rcc.o
                0x00000000080027fc                HAL_RCC_GetSysClockFreq
 .text.HAL_RCC_ClockConfig
                0x00000000080029f0      0x294 build/stm32h7xx_hal_rcc.o
                0x00000000080029f0                HAL_RCC_ClockConfig
 .text.HAL_RCC_GetHCLKFreq
                0x0000000008002c84       0x44 build/stm32h7xx_hal_rcc.o
                0x0000000008002c84                HAL_RCC_GetHCLKFreq
 .text.HAL_RCC_GetPCLK2Freq
                0x0000000008002cc8       0x24 build/stm32h7xx_hal_rcc.o
                0x0000000008002cc8                HAL_RCC_GetPCLK2Freq
 .text.HAL_RCC_GetClockConfig
                0x0000000008002cec       0x54 build/stm32h7xx_hal_rcc.o
                0x0000000008002cec                HAL_RCC_GetClockConfig
 .text.RCCEx_PLL2_Config
                0x0000000008002d40      0x10c build/stm32h7xx_hal_rcc_ex.o
 .text.RCCEx_PLL3_Config
                0x0000000008002e4c      0x10c build/stm32h7xx_hal_rcc_ex.o
 .text.HAL_RCCEx_PeriphCLKConfig
                0x0000000008002f58      0xa8c build/stm32h7xx_hal_rcc_ex.o
                0x0000000008002f58                HAL_RCCEx_PeriphCLKConfig
 .text.TIM_TI1_ConfigInputStage
                0x00000000080039e4       0x26 build/stm32h7xx_hal_tim.o
 .text.TIM_TI2_ConfigInputStage
                0x0000000008003a0a       0x28 build/stm32h7xx_hal_tim.o
 *fill*         0x0000000008003a32        0x2 
 .text.TIM_ITRx_SetConfig
                0x0000000008003a34       0x14 build/stm32h7xx_hal_tim.o
 .text.HAL_TIM_Base_Start
                0x0000000008003a48       0x88 build/stm32h7xx_hal_tim.o
                0x0000000008003a48                HAL_TIM_Base_Start
 .text.HAL_TIM_Base_Start_IT
                0x0000000008003ad0       0x90 build/stm32h7xx_hal_tim.o
                0x0000000008003ad0                HAL_TIM_Base_Start_IT
 .text.HAL_TIM_OC_DelayElapsedCallback
                0x0000000008003b60        0x2 build/stm32h7xx_hal_tim.o
                0x0000000008003b60                HAL_TIM_OC_DelayElapsedCallback
 .text.HAL_TIM_IC_CaptureCallback
                0x0000000008003b62        0x2 build/stm32h7xx_hal_tim.o
                0x0000000008003b62                HAL_TIM_IC_CaptureCallback
 .text.HAL_TIM_PWM_PulseFinishedCallback
                0x0000000008003b64        0x2 build/stm32h7xx_hal_tim.o
                0x0000000008003b64                HAL_TIM_PWM_PulseFinishedCallback
 .text.HAL_TIM_TriggerCallback
                0x0000000008003b66        0x2 build/stm32h7xx_hal_tim.o
                0x0000000008003b66                HAL_TIM_TriggerCallback
 .text.HAL_TIM_IRQHandler
                0x0000000008003b68      0x17a build/stm32h7xx_hal_tim.o
                0x0000000008003b68                HAL_TIM_IRQHandler
 *fill*         0x0000000008003ce2        0x2 
 .text.TIM_Base_SetConfig
                0x0000000008003ce4      0x114 build/stm32h7xx_hal_tim.o
                0x0000000008003ce4                TIM_Base_SetConfig
 .text.HAL_TIM_Base_Init
                0x0000000008003df8       0x60 build/stm32h7xx_hal_tim.o
                0x0000000008003df8                HAL_TIM_Base_Init
 .text.TIM_ETR_SetConfig
                0x0000000008003e58       0x1a build/stm32h7xx_hal_tim.o
                0x0000000008003e58                TIM_ETR_SetConfig
 *fill*         0x0000000008003e72        0x2 
 .text.HAL_TIM_ConfigClockSource
                0x0000000008003e74      0x138 build/stm32h7xx_hal_tim.o
                0x0000000008003e74                HAL_TIM_ConfigClockSource
 .text.HAL_TIMEx_MasterConfigSynchronization
                0x0000000008003fac       0xa0 build/stm32h7xx_hal_tim_ex.o
                0x0000000008003fac                HAL_TIMEx_MasterConfigSynchronization
 .text.HAL_TIMEx_CommutCallback
                0x000000000800404c        0x2 build/stm32h7xx_hal_tim_ex.o
                0x000000000800404c                HAL_TIMEx_CommutCallback
 .text.HAL_TIMEx_BreakCallback
                0x000000000800404e        0x2 build/stm32h7xx_hal_tim_ex.o
                0x000000000800404e                HAL_TIMEx_BreakCallback
 .text.HAL_TIMEx_Break2Callback
                0x0000000008004050        0x2 build/stm32h7xx_hal_tim_ex.o
                0x0000000008004050                HAL_TIMEx_Break2Callback
 .text.USB_CoreReset
                0x0000000008004052       0x4a build/stm32h7xx_ll_usb.o
 .text.USB_CoreInit
                0x000000000800409c       0xa4 build/stm32h7xx_ll_usb.o
                0x000000000800409c                USB_CoreInit
 .text.USB_SetTurnaroundTime
                0x0000000008004140       0xe4 build/stm32h7xx_ll_usb.o
                0x0000000008004140                USB_SetTurnaroundTime
 .text.USB_EnableGlobalInt
                0x0000000008004224        0xc build/stm32h7xx_ll_usb.o
                0x0000000008004224                USB_EnableGlobalInt
 .text.USB_DisableGlobalInt
                0x0000000008004230        0xc build/stm32h7xx_ll_usb.o
                0x0000000008004230                USB_DisableGlobalInt
 .text.USB_FlushTxFifo
                0x000000000800423c       0x4a build/stm32h7xx_ll_usb.o
                0x000000000800423c                USB_FlushTxFifo
 .text.USB_FlushRxFifo
                0x0000000008004286       0x46 build/stm32h7xx_ll_usb.o
                0x0000000008004286                USB_FlushRxFifo
 .text.USB_SetDevSpeed
                0x00000000080042cc        0xe build/stm32h7xx_ll_usb.o
                0x00000000080042cc                USB_SetDevSpeed
 *fill*         0x00000000080042da        0x2 
 .text.USB_DevInit
                0x00000000080042dc      0x18c build/stm32h7xx_ll_usb.o
                0x00000000080042dc                USB_DevInit
 .text.USB_GetDevSpeed
                0x0000000008004468       0x1e build/stm32h7xx_ll_usb.o
                0x0000000008004468                USB_GetDevSpeed
 *fill*         0x0000000008004486        0x2 
 .text.USB_ActivateEndpoint
                0x0000000008004488       0x9c build/stm32h7xx_ll_usb.o
                0x0000000008004488                USB_ActivateEndpoint
 .text.USB_DeactivateEndpoint
                0x0000000008004524       0xe0 build/stm32h7xx_ll_usb.o
                0x0000000008004524                USB_DeactivateEndpoint
 .text.USB_EPStopXfer
                0x0000000008004604       0xbe build/stm32h7xx_ll_usb.o
                0x0000000008004604                USB_EPStopXfer
 .text.USB_WritePacket
                0x00000000080046c2       0x2e build/stm32h7xx_ll_usb.o
                0x00000000080046c2                USB_WritePacket
 .text.USB_EPStartXfer
                0x00000000080046f0      0x23c build/stm32h7xx_ll_usb.o
                0x00000000080046f0                USB_EPStartXfer
 .text.USB_ReadPacket
                0x000000000800492c       0x54 build/stm32h7xx_ll_usb.o
                0x000000000800492c                USB_ReadPacket
 .text.USB_EPSetStall
                0x0000000008004980       0x5a build/stm32h7xx_ll_usb.o
                0x0000000008004980                USB_EPSetStall
 .text.USB_EPClearStall
                0x00000000080049da       0x5c build/stm32h7xx_ll_usb.o
                0x00000000080049da                USB_EPClearStall
 .text.USB_SetDevAddress
                0x0000000008004a36       0x20 build/stm32h7xx_ll_usb.o
                0x0000000008004a36                USB_SetDevAddress
 .text.USB_DevConnect
                0x0000000008004a56       0x1c build/stm32h7xx_ll_usb.o
                0x0000000008004a56                USB_DevConnect
 .text.USB_DevDisconnect
                0x0000000008004a72       0x1c build/stm32h7xx_ll_usb.o
                0x0000000008004a72                USB_DevDisconnect
 .text.USB_ReadInterrupts
                0x0000000008004a8e        0x8 build/stm32h7xx_ll_usb.o
                0x0000000008004a8e                USB_ReadInterrupts
 .text.USB_ReadDevAllOutEpInterrupt
                0x0000000008004a96       0x10 build/stm32h7xx_ll_usb.o
                0x0000000008004a96                USB_ReadDevAllOutEpInterrupt
 .text.USB_ReadDevAllInEpInterrupt
                0x0000000008004aa6       0x10 build/stm32h7xx_ll_usb.o
                0x0000000008004aa6                USB_ReadDevAllInEpInterrupt
 .text.USB_ReadDevOutEPInterrupt
                0x0000000008004ab6       0x12 build/stm32h7xx_ll_usb.o
                0x0000000008004ab6                USB_ReadDevOutEPInterrupt
 .text.USB_ReadDevInEPInterrupt
                0x0000000008004ac8       0x28 build/stm32h7xx_ll_usb.o
                0x0000000008004ac8                USB_ReadDevInEPInterrupt
 .text.USB_GetMode
                0x0000000008004af0        0x8 build/stm32h7xx_ll_usb.o
                0x0000000008004af0                USB_GetMode
 .text.USB_SetCurrentMode
                0x0000000008004af8       0x62 build/stm32h7xx_ll_usb.o
                0x0000000008004af8                USB_SetCurrentMode
 *fill*         0x0000000008004b5a        0x2 
 .text.USB_ActivateSetup
                0x0000000008004b5c       0x20 build/stm32h7xx_ll_usb.o
                0x0000000008004b5c                USB_ActivateSetup
 .text.USB_EP0_OutStart
                0x0000000008004b7c       0x60 build/stm32h7xx_ll_usb.o
                0x0000000008004b7c                USB_EP0_OutStart
 .text.USBD_Init
                0x0000000008004bdc       0x2e build/usbd_core.o
                0x0000000008004bdc                USBD_Init
 .text.USBD_RegisterClass
                0x0000000008004c0a       0x34 build/usbd_core.o
                0x0000000008004c0a                USBD_RegisterClass
 .text.USBD_Start
                0x0000000008004c3e        0x8 build/usbd_core.o
                0x0000000008004c3e                USBD_Start
 .text.USBD_SetClassConfig
                0x0000000008004c46       0x12 build/usbd_core.o
                0x0000000008004c46                USBD_SetClassConfig
 .text.USBD_ClrClassConfig
                0x0000000008004c58       0x12 build/usbd_core.o
                0x0000000008004c58                USBD_ClrClassConfig
 .text.USBD_LL_SetupStage
                0x0000000008004c6a       0x58 build/usbd_core.o
                0x0000000008004c6a                USBD_LL_SetupStage
 .text.USBD_LL_Reset
                0x0000000008004cc2       0x64 build/usbd_core.o
                0x0000000008004cc2                USBD_LL_Reset
 .text.USBD_LL_SetSpeed
                0x0000000008004d26        0x6 build/usbd_core.o
                0x0000000008004d26                USBD_LL_SetSpeed
 .text.USBD_LL_Suspend
                0x0000000008004d2c       0x1e build/usbd_core.o
                0x0000000008004d2c                USBD_LL_Suspend
 .text.USBD_LL_Resume
                0x0000000008004d4a       0x1a build/usbd_core.o
                0x0000000008004d4a                USBD_LL_Resume
 .text.USBD_LL_SOF
                0x0000000008004d64       0x22 build/usbd_core.o
                0x0000000008004d64                USBD_LL_SOF
 .text.USBD_LL_IsoINIncomplete
                0x0000000008004d86       0x2e build/usbd_core.o
                0x0000000008004d86                USBD_LL_IsoINIncomplete
 .text.USBD_LL_IsoOUTIncomplete
                0x0000000008004db4       0x2e build/usbd_core.o
                0x0000000008004db4                USBD_LL_IsoOUTIncomplete
 .text.USBD_LL_DevConnected
                0x0000000008004de2        0x4 build/usbd_core.o
                0x0000000008004de2                USBD_LL_DevConnected
 .text.USBD_LL_DevDisconnected
                0x0000000008004de6       0x20 build/usbd_core.o
                0x0000000008004de6                USBD_LL_DevDisconnected
 .text.USBD_CoreFindIF
                0x0000000008004e06        0x4 build/usbd_core.o
                0x0000000008004e06                USBD_CoreFindIF
 .text.USBD_CoreFindEP
                0x0000000008004e0a        0x4 build/usbd_core.o
                0x0000000008004e0a                USBD_CoreFindEP
 .text.USBD_LL_DataOutStage
                0x0000000008004e0e       0xc6 build/usbd_core.o
                0x0000000008004e0e                USBD_LL_DataOutStage
 .text.USBD_LL_DataInStage
                0x0000000008004ed4       0xd6 build/usbd_core.o
                0x0000000008004ed4                USBD_LL_DataInStage
 .text.USBD_GetLen
                0x0000000008004faa       0x14 build/usbd_ctlreq.o
 .text.USBD_ParseSetupRequest
                0x0000000008004fbe       0x28 build/usbd_ctlreq.o
                0x0000000008004fbe                USBD_ParseSetupRequest
 .text.USBD_CtlError
                0x0000000008004fe6       0x14 build/usbd_ctlreq.o
                0x0000000008004fe6                USBD_CtlError
 .text.USBD_GetDescriptor
                0x0000000008004ffa      0x1b6 build/usbd_ctlreq.o
 .text.USBD_SetAddress
                0x00000000080051b0       0x50 build/usbd_ctlreq.o
 .text.USBD_SetConfig
                0x0000000008005200       0xcc build/usbd_ctlreq.o
 .text.USBD_GetConfig
                0x00000000080052cc       0x40 build/usbd_ctlreq.o
 .text.USBD_GetStatus
                0x000000000800530c       0x38 build/usbd_ctlreq.o
 .text.USBD_SetFeature
                0x0000000008005344       0x2a build/usbd_ctlreq.o
 .text.USBD_ClrFeature
                0x000000000800536e       0x26 build/usbd_ctlreq.o
 .text.USBD_StdDevReq
                0x0000000008005394       0x76 build/usbd_ctlreq.o
                0x0000000008005394                USBD_StdDevReq
 .text.USBD_StdItfReq
                0x000000000800540a       0x84 build/usbd_ctlreq.o
                0x000000000800540a                USBD_StdItfReq
 .text.USBD_StdEPReq
                0x000000000800548e      0x232 build/usbd_ctlreq.o
                0x000000000800548e                USBD_StdEPReq
 .text.USBD_GetString
                0x00000000080056c0       0x3a build/usbd_ctlreq.o
                0x00000000080056c0                USBD_GetString
 .text.USBD_CtlSendData
                0x00000000080056fa       0x1a build/usbd_ioreq.o
                0x00000000080056fa                USBD_CtlSendData
 .text.USBD_CtlContinueSendData
                0x0000000008005714       0x10 build/usbd_ioreq.o
                0x0000000008005714                USBD_CtlContinueSendData
 .text.USBD_CtlPrepareRx
                0x0000000008005724       0x1e build/usbd_ioreq.o
                0x0000000008005724                USBD_CtlPrepareRx
 .text.USBD_CtlContinueRx
                0x0000000008005742       0x10 build/usbd_ioreq.o
                0x0000000008005742                USBD_CtlContinueRx
 .text.USBD_CtlSendStatus
                0x0000000008005752       0x16 build/usbd_ioreq.o
                0x0000000008005752                USBD_CtlSendStatus
 .text.USBD_CtlReceiveStatus
                0x0000000008005768       0x16 build/usbd_ioreq.o
                0x0000000008005768                USBD_CtlReceiveStatus
 .text.vListInitialise
                0x000000000800577e       0x16 build/list.o
                0x000000000800577e                vListInitialise
 .text.vListInitialiseItem
                0x0000000008005794        0x6 build/list.o
                0x0000000008005794                vListInitialiseItem
 .text.vListInsert
                0x000000000800579a       0x32 build/list.o
                0x000000000800579a                vListInsert
 .text.uxListRemove
                0x00000000080057cc       0x26 build/list.o
                0x00000000080057cc                uxListRemove
 .text.prvIsQueueFull
                0x00000000080057f2       0x1e build/queue.o
 .text.prvIsQueueEmpty
                0x0000000008005810       0x1a build/queue.o
 .text.prvCopyDataToQueue
                0x000000000800582a       0x76 build/queue.o
 .text.prvCopyDataFromQueue
                0x00000000080058a0       0x24 build/queue.o
 .text.prvUnlockQueue
                0x00000000080058c4       0x6e build/queue.o
 .text.xQueueGenericReset
                0x0000000008005932       0xaa build/queue.o
                0x0000000008005932                xQueueGenericReset
 .text.prvInitialiseNewQueue
                0x00000000080059dc       0x22 build/queue.o
 .text.xQueueGenericCreate
                0x00000000080059fe       0x56 build/queue.o
                0x00000000080059fe                xQueueGenericCreate
 .text.xQueueGenericSend
                0x0000000008005a54      0x16c build/queue.o
                0x0000000008005a54                xQueueGenericSend
 .text.xQueueGenericSendFromISR
                0x0000000008005bc0       0xf2 build/queue.o
                0x0000000008005bc0                xQueueGenericSendFromISR
 .text.xQueueReceive
                0x0000000008005cb2      0x140 build/queue.o
                0x0000000008005cb2                xQueueReceive
 .text.uxQueueSpacesAvailable
                0x0000000008005df2       0x2a build/queue.o
                0x0000000008005df2                uxQueueSpacesAvailable
 .text.prvIdleTask
                0x0000000008005e1c       0x24 build/tasks.o
 .text.prvResetNextTaskUnblockTime
                0x0000000008005e40       0x28 build/tasks.o
 .text.prvInitialiseNewTask
                0x0000000008005e68       0x90 build/tasks.o
 .text.prvInitialiseTaskLists
                0x0000000008005ef8       0x54 build/tasks.o
 .text.prvAddNewTaskToReadyList
                0x0000000008005f4c       0xc8 build/tasks.o
 .text.prvAddCurrentTaskToDelayedList
                0x0000000008006014       0x5c build/tasks.o
 .text.xTaskCreate
                0x0000000008006070       0x6c build/tasks.o
                0x0000000008006070                xTaskCreate
 .text.vTaskStartScheduler
                0x00000000080060dc       0x84 build/tasks.o
                0x00000000080060dc                vTaskStartScheduler
 .text.vTaskSuspendAll
                0x0000000008006160       0x10 build/tasks.o
                0x0000000008006160                vTaskSuspendAll
 .text.uxTaskGetNumberOfTasks
                0x0000000008006170        0xc build/tasks.o
                0x0000000008006170                uxTaskGetNumberOfTasks
 .text.xTaskIncrementTick
                0x000000000800617c      0x178 build/tasks.o
                0x000000000800617c                xTaskIncrementTick
 .text.xTaskResumeAll
                0x00000000080062f4      0x14c build/tasks.o
                0x00000000080062f4                xTaskResumeAll
 .text.vTaskDelay
                0x0000000008006440       0x4c build/tasks.o
                0x0000000008006440                vTaskDelay
 .text.vTaskSwitchContext
                0x000000000800648c       0x94 build/tasks.o
                0x000000000800648c                vTaskSwitchContext
 .text.vTaskPlaceOnEventList
                0x0000000008006520       0x30 build/tasks.o
                0x0000000008006520                vTaskPlaceOnEventList
 .text.xTaskRemoveFromEventList
                0x0000000008006550       0xf4 build/tasks.o
                0x0000000008006550                xTaskRemoveFromEventList
 .text.vTaskInternalSetTimeOutState
                0x0000000008006644       0x18 build/tasks.o
                0x0000000008006644                vTaskInternalSetTimeOutState
 .text.xTaskCheckForTimeOut
                0x000000000800665c       0x80 build/tasks.o
                0x000000000800665c                xTaskCheckForTimeOut
 .text.vTaskMissedYield
                0x00000000080066dc        0xc build/tasks.o
                0x00000000080066dc                vTaskMissedYield
 .text.xTaskPriorityDisinherit
                0x00000000080066e8       0xac build/tasks.o
                0x00000000080066e8                xTaskPriorityDisinherit
 .text.prvTaskExitError
                0x0000000008006794       0x40 build/port.o
 .text.prvPortStartFirstTask
                0x00000000080067d4       0x28 build/port.o
 .text.vPortEnableVFP
                0x00000000080067fc       0x14 build/port.o
 .text.pxPortInitialiseStack
                0x0000000008006810       0x2c build/port.o
                0x0000000008006810                pxPortInitialiseStack
 *fill*         0x000000000800683c        0x4 
 .text.SVC_Handler
                0x0000000008006840       0x24 build/port.o
                0x0000000008006840                SVC_Handler
 .text.vPortEnterCritical
                0x0000000008006864       0x44 build/port.o
                0x0000000008006864                vPortEnterCritical
 .text.vPortExitCritical
                0x00000000080068a8       0x2c build/port.o
                0x00000000080068a8                vPortExitCritical
 *fill*         0x00000000080068d4        0xc 
 .text.PendSV_Handler
                0x00000000080068e0       0x64 build/port.o
                0x00000000080068e0                PendSV_Handler
 .text.SysTick_Handler
                0x0000000008006944       0x2c build/port.o
                0x0000000008006944                SysTick_Handler
 .text.vPortSetupTimerInterrupt
                0x0000000008006970       0x28 build/port.o
                0x0000000008006970                vPortSetupTimerInterrupt
 .text.xPortStartScheduler
                0x0000000008006998      0x118 build/port.o
                0x0000000008006998                xPortStartScheduler
 .text.vPortValidateInterruptPriority
                0x0000000008006ab0       0x5c build/port.o
                0x0000000008006ab0                vPortValidateInterruptPriority
 .text.prvHeapInit
                0x0000000008006b0c       0x58 build/heap_4.o
 .text.prvInsertBlockIntoFreeList
                0x0000000008006b64       0x64 build/heap_4.o
 .text.pvPortMalloc
                0x0000000008006bc8       0xf8 build/heap_4.o
                0x0000000008006bc8                pvPortMalloc
 .text.vPortFree
                0x0000000008006cc0       0x78 build/heap_4.o
                0x0000000008006cc0                vPortFree
 .text.status_is_active
                0x0000000008006d38        0xc build/can.o
 .text.can_parse_error_status
                0x0000000008006d44      0x130 build/can.o
 .text.can_init
                0x0000000008006e74       0x58 build/can.o
                0x0000000008006e74                can_init
 .text.can_set_bittiming
                0x0000000008006ecc       0x4c build/can.o
                0x0000000008006ecc                can_set_bittiming
 .text.can_set_data_bittiming
                0x0000000008006f18       0x4c build/can.o
                0x0000000008006f18                can_set_data_bittiming
 .text.can_send
                0x0000000008006f64       0x88 build/can.o
                0x0000000008006f64                can_send
 .text.HAL_FDCAN_RxFifo0Callback
                0x0000000008006fec       0xa4 build/can.o
                0x0000000008006fec                HAL_FDCAN_RxFifo0Callback
 .text.HAL_FDCAN_ErrorStatusCallback
                0x0000000008007090       0x64 build/can.o
                0x0000000008007090                HAL_FDCAN_ErrorStatusCallback
 .text.can_enable
                0x00000000080070f4       0x94 build/can.o
                0x00000000080070f4                can_enable
 .text.can_disable
                0x0000000008007188       0x28 build/can.o
                0x0000000008007188                can_disable
 .text.can_set_term_cb
                0x00000000080071b0        0x2 build/can.o
                0x00000000080071b0                can_set_term_cb
 .text.can_set_termination
                0x00000000080071b2        0xe build/can.o
                0x00000000080071b2                can_set_termination
 .text.can_get_term_cb
                0x00000000080071c0        0x4 build/can.o
                0x00000000080071c0                can_get_term_cb
 .text.can_get_termination
                0x00000000080071c4        0x8 build/can.o
                0x00000000080071c4                can_get_termination
 .text.led_init
                0x00000000080071cc       0x2c build/led.o
                0x00000000080071cc                led_init
 .text.led_update
                0x00000000080071f8       0x8c build/led.o
                0x00000000080071f8                led_update
 .text.led_set_active
                0x0000000008007284        0x8 build/led.o
                0x0000000008007284                led_set_active
 .text.led_set_inactive
                0x000000000800728c        0x8 build/led.o
                0x000000000800728c                led_set_inactive
 .text.led_indicate_rxtx
                0x0000000008007294       0x26 build/led.o
                0x0000000008007294                led_indicate_rxtx
 .text.led_blink_start
                0x00000000080072ba       0x12 build/led.o
                0x00000000080072ba                led_blink_start
 .text.led_blink_stop
                0x00000000080072cc        0x6 build/led.o
                0x00000000080072cc                led_blink_stop
 *fill*         0x00000000080072d2        0x2 
 .text.dfu_run_bootloader
                0x00000000080072d4       0x30 build/main.o
 .text.task_queue_from_host
                0x0000000008007304       0x60 build/main.o
 .text.task_queue_to_host
                0x0000000008007364       0x64 build/main.o
 .text.__initialize_hardware_early
                0x00000000080073c8       0x30 build/main.o
                0x00000000080073c8                __initialize_hardware_early
 .text.task_main
                0x00000000080073f8       0x20 build/main.o
 .text.HAL_TIM_PeriodElapsedCallback
                0x0000000008007418       0x18 build/main.o
                0x0000000008007418                HAL_TIM_PeriodElapsedCallback
 .text.Error_Handler
                0x0000000008007430        0x4 build/main.o
                0x0000000008007430                Error_Handler
 .text.MX_TIM2_Init
                0x0000000008007434       0x70 build/main.o
 .text.main     0x00000000080074a4       0xd0 build/main.o
                0x00000000080074a4                main
 .text.USBD_Get_USB_Status
                0x0000000008007574       0x14 build/usbd_conf.o
 .text.SystemClockConfig_Resume
                0x0000000008007588        0x8 build/usbd_conf.o
 .text.HAL_PCD_SetupStageCallback
                0x0000000008007590       0x54 build/usbd_conf.o
                0x0000000008007590                HAL_PCD_SetupStageCallback
 .text.HAL_PCD_DataOutStageCallback
                0x00000000080075e4       0x18 build/usbd_conf.o
                0x00000000080075e4                HAL_PCD_DataOutStageCallback
 .text.HAL_PCD_DataInStageCallback
                0x00000000080075fc       0x16 build/usbd_conf.o
                0x00000000080075fc                HAL_PCD_DataInStageCallback
 .text.HAL_PCD_SOFCallback
                0x0000000008007612        0xc build/usbd_conf.o
                0x0000000008007612                HAL_PCD_SOFCallback
 .text.HAL_PCD_ResetCallback
                0x000000000800761e       0x24 build/usbd_conf.o
                0x000000000800761e                HAL_PCD_ResetCallback
 *fill*         0x0000000008007642        0x2 
 .text.HAL_PCD_SuspendCallback
                0x0000000008007644       0x20 build/usbd_conf.o
                0x0000000008007644                HAL_PCD_SuspendCallback
 .text.HAL_PCD_ResumeCallback
                0x0000000008007664       0x28 build/usbd_conf.o
                0x0000000008007664                HAL_PCD_ResumeCallback
 .text.HAL_PCD_ISOOUTIncompleteCallback
                0x000000000800768c        0xc build/usbd_conf.o
                0x000000000800768c                HAL_PCD_ISOOUTIncompleteCallback
 .text.HAL_PCD_ISOINIncompleteCallback
                0x0000000008007698        0xc build/usbd_conf.o
                0x0000000008007698                HAL_PCD_ISOINIncompleteCallback
 .text.HAL_PCD_ConnectCallback
                0x00000000080076a4        0xc build/usbd_conf.o
                0x00000000080076a4                HAL_PCD_ConnectCallback
 .text.HAL_PCD_DisconnectCallback
                0x00000000080076b0        0xc build/usbd_conf.o
                0x00000000080076b0                HAL_PCD_DisconnectCallback
 .text.USBD_LL_Init
                0x00000000080076bc       0x64 build/usbd_conf.o
                0x00000000080076bc                USBD_LL_Init
 .text.USBD_LL_Start
                0x0000000008007720       0x10 build/usbd_conf.o
                0x0000000008007720                USBD_LL_Start
 .text.USBD_LL_OpenEP
                0x0000000008007730       0x16 build/usbd_conf.o
                0x0000000008007730                USBD_LL_OpenEP
 .text.USBD_LL_CloseEP
                0x0000000008007746       0x10 build/usbd_conf.o
                0x0000000008007746                USBD_LL_CloseEP
 .text.USBD_LL_StallEP
                0x0000000008007756       0x10 build/usbd_conf.o
                0x0000000008007756                USBD_LL_StallEP
 .text.USBD_LL_ClearStallEP
                0x0000000008007766       0x10 build/usbd_conf.o
                0x0000000008007766                USBD_LL_ClearStallEP
 .text.USBD_LL_IsStallEP
                0x0000000008007776       0x2c build/usbd_conf.o
                0x0000000008007776                USBD_LL_IsStallEP
 .text.USBD_LL_SetUSBAddress
                0x00000000080077a2       0x10 build/usbd_conf.o
                0x00000000080077a2                USBD_LL_SetUSBAddress
 .text.USBD_LL_Transmit
                0x00000000080077b2       0x10 build/usbd_conf.o
                0x00000000080077b2                USBD_LL_Transmit
 .text.USBD_LL_PrepareReceive
                0x00000000080077c2       0x10 build/usbd_conf.o
                0x00000000080077c2                USBD_LL_PrepareReceive
 .text.USBD_LL_GetRxDataSize
                0x00000000080077d2        0xc build/usbd_conf.o
                0x00000000080077d2                USBD_LL_GetRxDataSize
 *fill*         0x00000000080077de        0x2 
 .text.USBD_FS_DeviceDescriptor
                0x00000000080077e0       0x28 build/usbd_desc.o
                0x00000000080077e0                USBD_FS_DeviceDescriptor
 .text.USBD_FS_LangIDStrDescriptor
                0x0000000008007808       0x14 build/usbd_desc.o
                0x0000000008007808                USBD_FS_LangIDStrDescriptor
 .text.IntToUnicode
                0x000000000800781c       0x24 build/usbd_desc.o
 .text.USBD_FS_ProductStrDescriptor
                0x0000000008007840       0x1c build/usbd_desc.o
                0x0000000008007840                USBD_FS_ProductStrDescriptor
 .text.USBD_FS_ManufacturerStrDescriptor
                0x000000000800785c       0x1c build/usbd_desc.o
                0x000000000800785c                USBD_FS_ManufacturerStrDescriptor
 .text.USBD_FS_SerialStrDescriptor
                0x0000000008007878       0x40 build/usbd_desc.o
                0x0000000008007878                USBD_FS_SerialStrDescriptor
 .text.USBD_FS_ConfigStrDescriptor
                0x00000000080078b8       0x1c build/usbd_desc.o
                0x00000000080078b8                USBD_FS_ConfigStrDescriptor
 .text.USBD_FS_InterfaceStrDescriptor
                0x00000000080078d4       0x1c build/usbd_desc.o
                0x00000000080078d4                USBD_FS_InterfaceStrDescriptor
 .text.USBD_GS_CAN_DataIn
                0x00000000080078f0        0xa build/usbd_gs_can.o
 *fill*         0x00000000080078fa        0x2 
 .text.USBD_GS_CAN_SOF
                0x00000000080078fc       0x18 build/usbd_gs_can.o
 .text.USBD_GS_CAN_GetCfgDesc
                0x0000000008007914       0x38 build/usbd_gs_can.o
 .text.USBD_GS_CAN_GetStrDesc
                0x000000000800794c       0x4c build/usbd_gs_can.o
                0x000000000800794c                USBD_GS_CAN_GetStrDesc
 .text.USBD_GS_CAN_EP0_RxReady
                0x0000000008007998       0xd6 build/usbd_gs_can.o
 .text.USBD_GS_CAN_DFU_Request
                0x0000000008007a6e       0x38 build/usbd_gs_can.o
 *fill*         0x0000000008007aa6        0x2 
 .text.USBD_GS_CAN_Config_Request
                0x0000000008007aa8       0xe0 build/usbd_gs_can.o
 .text.USBD_GS_CAN_Vendor_Request
                0x0000000008007b88       0x26 build/usbd_gs_can.o
 *fill*         0x0000000008007bae        0x2 
 .text.USBD_GS_CAN_Setup
                0x0000000008007bb0       0x34 build/usbd_gs_can.o
 .text.USBD_GS_CAN_DeInit
                0x0000000008007be4       0x16 build/usbd_gs_can.o
 .text.USBD_GS_CAN_Start
                0x0000000008007bfa       0x2e build/usbd_gs_can.o
 .text.USBD_GS_CAN_DataOut
                0x0000000008007c28       0x4c build/usbd_gs_can.o
 .text.USBD_GS_CAN_Init
                0x0000000008007c74        0xc build/usbd_gs_can.o
                0x0000000008007c74                USBD_GS_CAN_Init
 .text.USBD_GS_CAN_GetChannelNumber
                0x0000000008007c80       0x22 build/usbd_gs_can.o
                0x0000000008007c80                USBD_GS_CAN_GetChannelNumber
 *fill*         0x0000000008007ca2        0x2 
 .text.USBD_GS_CAN_SendFrame
                0x0000000008007ca4       0x60 build/usbd_gs_can.o
                0x0000000008007ca4                USBD_GS_CAN_SendFrame
 .text.USBD_GS_CAN_CustomDeviceRequest
                0x0000000008007d04       0x88 build/usbd_gs_can.o
                0x0000000008007d04                USBD_GS_CAN_CustomDeviceRequest
 .text.USBD_GS_CAN_CustomInterfaceRequest
                0x0000000008007d8c        0x8 build/usbd_gs_can.o
                0x0000000008007d8c                USBD_GS_CAN_CustomInterfaceRequest
 .text.USBD_GS_CAN_DfuDetachRequested
                0x0000000008007d94        0xa build/usbd_gs_can.o
                0x0000000008007d94                USBD_GS_CAN_DfuDetachRequested
 *fill*         0x0000000008007d9e        0x2 
 .text.task_my_program
                0x0000000008007da0       0xa4 build/board.o
 .text.SystemClock_Config
                0x0000000008007e44       0xd0 build/board.o
                0x0000000008007e44                SystemClock_Config
 .text.MX_GPIO_Init
                0x0000000008007f14       0xe0 build/board.o
                0x0000000008007f14                MX_GPIO_Init
 .text.main_init_cb
                0x0000000008007ff4       0x5c build/board.o
                0x0000000008007ff4                main_init_cb
 .text.main_rtos_init_cb
                0x0000000008008050       0x2c build/board.o
                0x0000000008008050                main_rtos_init_cb
 .text.main_task_cb
                0x000000000800807c       0x10 build/board.o
                0x000000000800807c                main_task_cb
 .text.can_on_enable_cb
                0x000000000800808c       0x18 build/board.o
                0x000000000800808c                can_on_enable_cb
 .text.can_on_disable_cb
                0x00000000080080a4       0x18 build/board.o
                0x00000000080080a4                can_on_disable_cb
 .text.can_on_tx_cb
                0x00000000080080bc       0x10 build/board.o
                0x00000000080080bc                can_on_tx_cb
 .text.can_on_rx_cb
                0x00000000080080cc       0x10 build/board.o
                0x00000000080080cc                can_on_rx_cb
 .text.can_identify_cb
                0x00000000080080dc       0x1c build/board.o
                0x00000000080080dc                can_identify_cb
 .text.HAL_MspInit
                0x00000000080080f8       0x24 build/stm32h7xx_hal_msp.o
                0x00000000080080f8                HAL_MspInit
 .text.HAL_FDCAN_MspInit
                0x000000000800811c      0x160 build/stm32h7xx_hal_msp.o
                0x000000000800811c                HAL_FDCAN_MspInit
 .text.HAL_TIM_Base_MspInit
                0x000000000800827c       0x30 build/stm32h7xx_hal_msp.o
                0x000000000800827c                HAL_TIM_Base_MspInit
 .text.HAL_PCD_MspInit
                0x00000000080082ac       0xb4 build/stm32h7xx_hal_msp.o
                0x00000000080082ac                HAL_PCD_MspInit
 .text.HAL_InitTick
                0x0000000008008360       0x90 build/stm32h7xx_hal_timebase_tim.o
                0x0000000008008360                HAL_InitTick
 .text.NMI_Handler
                0x00000000080083f0        0x2 build/stm32h7xx_it.o
                0x00000000080083f0                NMI_Handler
 .text.HardFault_Handler
                0x00000000080083f2        0x2 build/stm32h7xx_it.o
                0x00000000080083f2                HardFault_Handler
 .text.MemManage_Handler
                0x00000000080083f4        0x2 build/stm32h7xx_it.o
                0x00000000080083f4                MemManage_Handler
 .text.BusFault_Handler
                0x00000000080083f6        0x2 build/stm32h7xx_it.o
                0x00000000080083f6                BusFault_Handler
 .text.UsageFault_Handler
                0x00000000080083f8        0x2 build/stm32h7xx_it.o
                0x00000000080083f8                UsageFault_Handler
 .text.DebugMon_Handler
                0x00000000080083fa        0x2 build/stm32h7xx_it.o
                0x00000000080083fa                DebugMon_Handler
 .text.FDCAN1_IT0_IRQHandler
                0x00000000080083fc       0x10 build/stm32h7xx_it.o
                0x00000000080083fc                FDCAN1_IT0_IRQHandler
 .text.FDCAN1_IT1_IRQHandler
                0x000000000800840c       0x10 build/stm32h7xx_it.o
                0x000000000800840c                FDCAN1_IT1_IRQHandler
 .text.TIM1_UP_IRQHandler
                0x000000000800841c       0x10 build/stm32h7xx_it.o
                0x000000000800841c                TIM1_UP_IRQHandler
 .text.OTG_FS_IRQHandler
                0x000000000800842c       0x10 build/stm32h7xx_it.o
                0x000000000800842c                OTG_FS_IRQHandler
 .text.SystemInit
                0x000000000800843c       0xcc build/system_stm32h7xx.o
                0x000000000800843c                SystemInit
 .text.Reset_Handler
                0x0000000008008508       0x54 build/startup_stm32h743xx.o
                0x0000000008008508                Reset_Handler
 .text.Default_Handler
                0x000000000800855c        0x2 build/startup_stm32h743xx.o
                0x000000000800855c                RTC_Alarm_IRQHandler
                0x000000000800855c                EXTI2_IRQHandler
                0x000000000800855c                TIM8_CC_IRQHandler
                0x000000000800855c                HRTIM1_Master_IRQHandler
                0x000000000800855c                UART8_IRQHandler
                0x000000000800855c                SPI4_IRQHandler
                0x000000000800855c                TIM1_CC_IRQHandler
                0x000000000800855c                BDMA_Channel6_IRQHandler
                0x000000000800855c                DMA2_Stream5_IRQHandler
                0x000000000800855c                HRTIM1_FLT_IRQHandler
                0x000000000800855c                JPEG_IRQHandler
                0x000000000800855c                DMA1_Stream5_IRQHandler
                0x000000000800855c                BDMA_Channel1_IRQHandler
                0x000000000800855c                HRTIM1_TIMD_IRQHandler
                0x000000000800855c                TAMP_STAMP_IRQHandler
                0x000000000800855c                EXTI3_IRQHandler
                0x000000000800855c                LPTIM4_IRQHandler
                0x000000000800855c                TIM8_TRG_COM_TIM14_IRQHandler
                0x000000000800855c                LPTIM2_IRQHandler
                0x000000000800855c                DFSDM1_FLT1_IRQHandler
                0x000000000800855c                DMAMUX2_OVR_IRQHandler
                0x000000000800855c                TIM8_UP_TIM13_IRQHandler
                0x000000000800855c                I2C3_ER_IRQHandler
                0x000000000800855c                DFSDM1_FLT2_IRQHandler
                0x000000000800855c                MDMA_IRQHandler
                0x000000000800855c                LPTIM3_IRQHandler
                0x000000000800855c                HSEM1_IRQHandler
                0x000000000800855c                EXTI0_IRQHandler
                0x000000000800855c                I2C2_EV_IRQHandler
                0x000000000800855c                DMA1_Stream2_IRQHandler
                0x000000000800855c                FPU_IRQHandler
                0x000000000800855c                OTG_HS_WKUP_IRQHandler
                0x000000000800855c                LTDC_ER_IRQHandler
                0x000000000800855c                DMA2_Stream2_IRQHandler
                0x000000000800855c                HRTIM1_TIME_IRQHandler
                0x000000000800855c                SPI1_IRQHandler
                0x000000000800855c                TIM6_DAC_IRQHandler
                0x000000000800855c                DCMI_IRQHandler
                0x000000000800855c                HRTIM1_TIMC_IRQHandler
                0x000000000800855c                DMA2_Stream3_IRQHandler
                0x000000000800855c                SAI2_IRQHandler
                0x000000000800855c                DFSDM1_FLT3_IRQHandler
                0x000000000800855c                USART6_IRQHandler
                0x000000000800855c                TIM17_IRQHandler
                0x000000000800855c                USART3_IRQHandler
                0x000000000800855c                BDMA_Channel7_IRQHandler
                0x000000000800855c                LPTIM5_IRQHandler
                0x000000000800855c                UART5_IRQHandler
                0x000000000800855c                ADC3_IRQHandler
                0x000000000800855c                DMA2_Stream0_IRQHandler
                0x000000000800855c                TIM4_IRQHandler
                0x000000000800855c                BDMA_Channel2_IRQHandler
                0x000000000800855c                QUADSPI_IRQHandler
                0x000000000800855c                I2C1_EV_IRQHandler
                0x000000000800855c                DMA1_Stream6_IRQHandler
                0x000000000800855c                DMAMUX1_OVR_IRQHandler
                0x000000000800855c                DMA1_Stream1_IRQHandler
                0x000000000800855c                TIM16_IRQHandler
                0x000000000800855c                UART4_IRQHandler
                0x000000000800855c                BDMA_Channel5_IRQHandler
                0x000000000800855c                TIM3_IRQHandler
                0x000000000800855c                RCC_IRQHandler
                0x000000000800855c                TIM8_BRK_TIM12_IRQHandler
                0x000000000800855c                TIM1_TRG_COM_IRQHandler
                0x000000000800855c                Default_Handler
                0x000000000800855c                ECC_IRQHandler
                0x000000000800855c                CEC_IRQHandler
                0x000000000800855c                EXTI15_10_IRQHandler
                0x000000000800855c                BDMA_Channel0_IRQHandler
                0x000000000800855c                ADC_IRQHandler
                0x000000000800855c                DMA1_Stream7_IRQHandler
                0x000000000800855c                HRTIM1_TIMA_IRQHandler
                0x000000000800855c                SPI5_IRQHandler
                0x000000000800855c                TIM7_IRQHandler
                0x000000000800855c                SDMMC1_IRQHandler
                0x000000000800855c                TIM5_IRQHandler
                0x000000000800855c                DMA2_Stream7_IRQHandler
                0x000000000800855c                TIM15_IRQHandler
                0x000000000800855c                PVD_AVD_IRQHandler
                0x000000000800855c                I2C3_EV_IRQHandler
                0x000000000800855c                EXTI9_5_IRQHandler
                0x000000000800855c                RTC_WKUP_IRQHandler
                0x000000000800855c                LTDC_IRQHandler
                0x000000000800855c                SAI3_IRQHandler
                0x000000000800855c                ETH_WKUP_IRQHandler
                0x000000000800855c                SPDIF_RX_IRQHandler
                0x000000000800855c                SPI2_IRQHandler
                0x000000000800855c                OTG_HS_EP1_IN_IRQHandler
                0x000000000800855c                DMA1_Stream0_IRQHandler
                0x000000000800855c                CRS_IRQHandler
                0x000000000800855c                EXTI4_IRQHandler
                0x000000000800855c                RNG_IRQHandler
                0x000000000800855c                HRTIM1_TIMB_IRQHandler
                0x000000000800855c                FDCAN2_IT1_IRQHandler
                0x000000000800855c                ETH_IRQHandler
                0x000000000800855c                BDMA_Channel4_IRQHandler
                0x000000000800855c                OTG_HS_EP1_OUT_IRQHandler
                0x000000000800855c                WWDG_IRQHandler
                0x000000000800855c                SPI6_IRQHandler
                0x000000000800855c                MDIOS_IRQHandler
                0x000000000800855c                I2C4_EV_IRQHandler
                0x000000000800855c                FDCAN2_IT0_IRQHandler
                0x000000000800855c                LPUART1_IRQHandler
                0x000000000800855c                TIM2_IRQHandler
                0x000000000800855c                OTG_FS_WKUP_IRQHandler
                0x000000000800855c                OTG_HS_IRQHandler
                0x000000000800855c                DMA2D_IRQHandler
                0x000000000800855c                TIM1_BRK_IRQHandler
                0x000000000800855c                EXTI1_IRQHandler
                0x000000000800855c                SDMMC2_IRQHandler
                0x000000000800855c                OTG_FS_EP1_OUT_IRQHandler
                0x000000000800855c                BDMA_Channel3_IRQHandler
                0x000000000800855c                UART7_IRQHandler
                0x000000000800855c                MDIOS_WKUP_IRQHandler
                0x000000000800855c                USART2_IRQHandler
                0x000000000800855c                DFSDM1_FLT0_IRQHandler
                0x000000000800855c                SAI4_IRQHandler
                0x000000000800855c                I2C2_ER_IRQHandler
                0x000000000800855c                DMA2_Stream1_IRQHandler
                0x000000000800855c                FLASH_IRQHandler
                0x000000000800855c                DMA2_Stream4_IRQHandler
                0x000000000800855c                USART1_IRQHandler
                0x000000000800855c                SPI3_IRQHandler
                0x000000000800855c                WAKEUP_PIN_IRQHandler
                0x000000000800855c                DMA1_Stream4_IRQHandler
                0x000000000800855c                OTG_FS_EP1_IN_IRQHandler
                0x000000000800855c                I2C1_ER_IRQHandler
                0x000000000800855c                FMC_IRQHandler
                0x000000000800855c                FDCAN_CAL_IRQHandler
                0x000000000800855c                SWPMI1_IRQHandler
                0x000000000800855c                COMP1_IRQHandler
                0x000000000800855c                LPTIM1_IRQHandler
                0x000000000800855c                I2C4_ER_IRQHandler
                0x000000000800855c                DMA2_Stream6_IRQHandler
                0x000000000800855c                SAI1_IRQHandler
                0x000000000800855c                DMA1_Stream3_IRQHandler
 *fill*         0x000000000800855e        0x2 
 .text.__libc_init_array
                0x0000000008008560       0x48 /home/joseluiz/Programs/gcc-arm-none-eabi-10.3-2021.10-x86_64-linux/bin/../lib/gcc/arm-none-eabi/10.3.1/../../../../arm-none-eabi/lib/thumb/v7e-m+dp/hard/libc_nano.a(lib_a-init.o)
                0x0000000008008560                __libc_init_array
 .text.memcpy   0x00000000080085a8       0x1c /home/joseluiz/Programs/gcc-arm-none-eabi-10.3-2021.10-x86_64-linux/bin/../lib/gcc/arm-none-eabi/10.3.1/../../../../arm-none-eabi/lib/thumb/v7e-m+dp/hard/libc_nano.a(lib_a-memcpy-stub.o)
                0x00000000080085a8                memcpy
 .text.memset   0x00000000080085c4       0x10 /home/joseluiz/Programs/gcc-arm-none-eabi-10.3-2021.10-x86_64-linux/bin/../lib/gcc/arm-none-eabi/10.3.1/../../../../arm-none-eabi/lib/thumb/v7e-m+dp/hard/libc_nano.a(lib_a-memset.o)
                0x00000000080085c4                memset
 *(.glue_7)
 .glue_7        0x00000000080085d4        0x0 linker stubs
 *(.glue_7t)
 .glue_7t       0x00000000080085d4        0x0 linker stubs
 *(.eh_frame)
 .eh_frame      0x00000000080085d4        0x0 /home/joseluiz/Programs/gcc-arm-none-eabi-10.3-2021.10-x86_64-linux/bin/../lib/gcc/arm-none-eabi/10.3.1/thumb/v7e-m+dp/hard/crtbegin.o
 *(.init)
 .init          0x00000000080085d4        0x4 /home/joseluiz/Programs/gcc-arm-none-eabi-10.3-2021.10-x86_64-linux/bin/../lib/gcc/arm-none-eabi/10.3.1/thumb/v7e-m+dp/hard/crti.o
                0x00000000080085d4                _init
 .init          0x00000000080085d8        0x8 /home/joseluiz/Programs/gcc-arm-none-eabi-10.3-2021.10-x86_64-linux/bin/../lib/gcc/arm-none-eabi/10.3.1/thumb/v7e-m+dp/hard/crtn.o
 *(.fini)
 .fini          0x00000000080085e0        0x4 /home/joseluiz/Programs/gcc-arm-none-eabi-10.3-2021.10-x86_64-linux/bin/../lib/gcc/arm-none-eabi/10.3.1/thumb/v7e-m+dp/hard/crti.o
                0x00000000080085e0                _fini
 .fini          0x00000000080085e4        0x8 /home/joseluiz/Programs/gcc-arm-none-eabi-10.3-2021.10-x86_64-linux/bin/../lib/gcc/arm-none-eabi/10.3.1/thumb/v7e-m+dp/hard/crtn.o
                0x00000000080085ec                . = ALIGN (0x4)
                0x00000000080085ec                _etext = .

.vfp11_veneer   0x00000000080085ec        0x0
 .vfp11_veneer  0x00000000080085ec        0x0 linker stubs

.v4_bx          0x00000000080085ec        0x0
 .v4_bx         0x00000000080085ec        0x0 linker stubs

.iplt           0x00000000080085ec        0x0
 .iplt          0x00000000080085ec        0x0 /home/joseluiz/Programs/gcc-arm-none-eabi-10.3-2021.10-x86_64-linux/bin/../lib/gcc/arm-none-eabi/10.3.1/thumb/v7e-m+dp/hard/crtbegin.o

.rodata         0x00000000080085ec      0x2a4
                0x00000000080085ec                . = ALIGN (0x4)
 *(.rodata)
 .rodata        0x00000000080085ec       0x4c build/stm32h7xx_hal_fdcan.o
 .rodata        0x0000000008008638       0x12 build/usbd_desc.o
 *fill*         0x000000000800864a        0x2 
 .rodata        0x000000000800864c      0x11a build/usbd_gs_can.o
 *(.rodata*)
 *fill*         0x0000000008008766        0x2 
 .rodata.DLCtoBytes
                0x0000000008008768       0x10 build/stm32h7xx_hal_fdcan.o
 .rodata.vTaskStartScheduler.str1.4
                0x0000000008008778        0x5 build/tasks.o
 *fill*         0x000000000800877d        0x3 
 .rodata.main.str1.4
                0x0000000008008780       0x1e build/main.o
 *fill*         0x000000000800879e        0x2 
 .rodata.USBD_FS_ProductStrDescriptor.str1.4
                0x00000000080087a0        0xd build/usbd_desc.o
 *fill*         0x00000000080087ad        0x3 
 .rodata.USBD_FS_ManufacturerStrDescriptor.str1.4
                0x00000000080087b0        0xd build/usbd_desc.o
 *fill*         0x00000000080087bd        0x3 
 .rodata.USBD_FS_ConfigStrDescriptor.str1.4
                0x00000000080087c0        0x7 build/usbd_desc.o
 *fill*         0x00000000080087c7        0x1 
 .rodata.USBD_FS_InterfaceStrDescriptor.str1.4
                0x00000000080087c8       0x11 build/usbd_desc.o
 *fill*         0x00000000080087d9        0x3 
 .rodata.USBD_GS_CAN_GetStrDesc.str1.4
                0x00000000080087dc       0x1b build/usbd_gs_can.o
 *fill*         0x00000000080087f7        0x1 
 .rodata.USBD_GS_CAN_btconst
                0x00000000080087f8       0x28 build/usbd_gs_can.o
 .rodata.USBD_GS_CAN_btconst_extended
                0x0000000008008820       0x48 build/usbd_gs_can.o
 .rodata.USBD_GS_CAN_dconf
                0x0000000008008868        0xc build/usbd_gs_can.o
 .rodata.main_rtos_init_cb.str1.4
                0x0000000008008874        0xb build/board.o
 *fill*         0x000000000800887f        0x1 
 .rodata.D1CorePrescTable
                0x0000000008008880       0x10 build/system_stm32h7xx.o
                0x0000000008008880                D1CorePrescTable
                0x0000000008008890                . = ALIGN (0x4)

.rel.dyn        0x0000000008008890        0x0
 .rel.iplt      0x0000000008008890        0x0 /home/joseluiz/Programs/gcc-arm-none-eabi-10.3-2021.10-x86_64-linux/bin/../lib/gcc/arm-none-eabi/10.3.1/thumb/v7e-m+dp/hard/crtbegin.o

.ARM.extab
 *(.ARM.extab* .gnu.linkonce.armextab.*)

.ARM            0x0000000008008890        0x0
                0x0000000008008890                __exidx_start = .
 *(.ARM.exidx*)
                0x0000000008008890                __exidx_end = .

.preinit_array  0x0000000008008890        0x0
                0x0000000008008890                PROVIDE (__preinit_array_start = .)
 *(.preinit_array*)
                0x0000000008008890                PROVIDE (__preinit_array_end = .)

.init_array     0x0000000008008890        0x4
                0x0000000008008890                PROVIDE (__init_array_start = .)
 *(SORT_BY_NAME(.init_array.*))
 *(.init_array*)
 .init_array    0x0000000008008890        0x4 /home/joseluiz/Programs/gcc-arm-none-eabi-10.3-2021.10-x86_64-linux/bin/../lib/gcc/arm-none-eabi/10.3.1/thumb/v7e-m+dp/hard/crtbegin.o
                0x0000000008008894                PROVIDE (__init_array_end = .)

.fini_array     0x0000000008008894        0x4
                [!provide]                        PROVIDE (__fini_array_start = .)
 *(SORT_BY_NAME(.fini_array.*))
 *(.fini_array*)
 .fini_array    0x0000000008008894        0x4 /home/joseluiz/Programs/gcc-arm-none-eabi-10.3-2021.10-x86_64-linux/bin/../lib/gcc/arm-none-eabi/10.3.1/thumb/v7e-m+dp/hard/crtbegin.o
                [!provide]                        PROVIDE (__fini_array_end = .)
                0x0000000008008898                _sidata = LOADADDR (.data)

.data           0x0000000020000000       0x70 load address 0x0000000008008898
                0x0000000020000000                . = ALIGN (0x4)
                0x0000000020000000                _sdata = .
 *(.data)
 *(.data*)
 .data.uwTickFreq
                0x0000000020000000        0x1 build/stm32h7xx_hal.o
                0x0000000020000000                uwTickFreq
 *fill*         0x0000000020000001        0x3 
 .data.uwTickPrio
                0x0000000020000004        0x4 build/stm32h7xx_hal.o
                0x0000000020000004                uwTickPrio
 .data.uxTopUsedPriority
                0x0000000020000008        0x4 build/tasks.o
                0x0000000020000008                uxTopUsedPriority
 .data.uxCriticalNesting
                0x000000002000000c        0x4 build/port.o
 .data.FS_Desc  0x0000000020000010       0x1c build/usbd_desc.o
                0x0000000020000010                FS_Desc
 .data.USBD_GS_CAN
                0x000000002000002c       0x3c build/usbd_gs_can.o
                0x000000002000002c                USBD_GS_CAN
 .data.SystemCoreClock
                0x0000000020000068        0x4 build/system_stm32h7xx.o
                0x0000000020000068                SystemCoreClock
 .data.SystemD2Clock
                0x000000002000006c        0x4 build/system_stm32h7xx.o
                0x000000002000006c                SystemD2Clock
                0x0000000020000070                . = ALIGN (0x4)
                0x0000000020000070                _edata = .

.igot.plt       0x0000000020000070        0x0 load address 0x0000000008008908
 .igot.plt      0x0000000020000070        0x0 /home/joseluiz/Programs/gcc-arm-none-eabi-10.3-2021.10-x86_64-linux/bin/../lib/gcc/arm-none-eabi/10.3.1/thumb/v7e-m+dp/hard/crtbegin.o
                0x0000000020000070                . = ALIGN (0x4)

.bss            0x0000000020000070    0x13910 load address 0x0000000008008908
                0x0000000020000070                _sbss = .
                0x0000000020000070                __bss_start__ = _sbss
 *(.bss)
 .bss           0x0000000020000070       0x1c /home/joseluiz/Programs/gcc-arm-none-eabi-10.3-2021.10-x86_64-linux/bin/../lib/gcc/arm-none-eabi/10.3.1/thumb/v7e-m+dp/hard/crtbegin.o
 *(.bss*)
 .bss.uwTick    0x000000002000008c        0x4 build/stm32h7xx_hal.o
                0x000000002000008c                uwTick
 .bss.cfgidx.0  0x0000000020000090        0x1 build/usbd_ctlreq.o
 *fill*         0x0000000020000091        0x3 
 .bss.pxCurrentTCB
                0x0000000020000094        0x4 build/tasks.o
                0x0000000020000094                pxCurrentTCB
 .bss.pxDelayedTaskList
                0x0000000020000098        0x4 build/tasks.o
 .bss.pxOverflowDelayedTaskList
                0x000000002000009c        0x4 build/tasks.o
 .bss.pxReadyTasksLists
                0x00000000200000a0       0x64 build/tasks.o
 .bss.uxCurrentNumberOfTasks
                0x0000000020000104        0x4 build/tasks.o
 .bss.uxSchedulerSuspended
                0x0000000020000108        0x4 build/tasks.o
 .bss.uxTaskNumber
                0x000000002000010c        0x4 build/tasks.o
 .bss.uxTopReadyPriority
                0x0000000020000110        0x4 build/tasks.o
 .bss.xDelayedTaskList1
                0x0000000020000114       0x14 build/tasks.o
 .bss.xDelayedTaskList2
                0x0000000020000128       0x14 build/tasks.o
 .bss.xIdleTaskHandle
                0x000000002000013c        0x4 build/tasks.o
 .bss.xNextTaskUnblockTime
                0x0000000020000140        0x4 build/tasks.o
 .bss.xNumOfOverflows
                0x0000000020000144        0x4 build/tasks.o
 .bss.xPendedTicks
                0x0000000020000148        0x4 build/tasks.o
 .bss.xPendingReadyList
                0x000000002000014c       0x14 build/tasks.o
 .bss.xSchedulerRunning
                0x0000000020000160        0x4 build/tasks.o
 .bss.xTickCount
                0x0000000020000164        0x4 build/tasks.o
 .bss.xYieldPending
                0x0000000020000168        0x4 build/tasks.o
 .bss.ucMaxSysCallPriority
                0x000000002000016c        0x1 build/port.o
 *fill*         0x000000002000016d        0x3 
 .bss.ulMaxPRIGROUPValue
                0x0000000020000170        0x4 build/port.o
 .bss.pxEnd     0x0000000020000174        0x4 build/heap_4.o
 .bss.ucHeap    0x0000000020000178    0x12c00 build/heap_4.o
 .bss.xFreeBytesRemaining
                0x0000000020012d78        0x4 build/heap_4.o
 .bss.xMinimumEverFreeBytesRemaining
                0x0000000020012d7c        0x4 build/heap_4.o
 .bss.xNumberOfSuccessfulAllocations
                0x0000000020012d80        0x4 build/heap_4.o
 .bss.xNumberOfSuccessfulFrees
                0x0000000020012d84        0x4 build/heap_4.o
 .bss.xStart    0x0000000020012d88        0x8 build/heap_4.o
 .bss.can_last_err_status
                0x0000000020012d90        0x4 build/can.o
 .bss.dfu_reset_to_bootloader_magic
                0x0000000020012d94        0x4 build/main.o
                0x0000000020012d94                dfu_reset_to_bootloader_magic
 .bss.hGS_CAN   0x0000000020012d98       0xbc build/main.o
                0x0000000020012d98                hGS_CAN
 .bss.hUSB      0x0000000020012e54      0x2dc build/main.o
                0x0000000020012e54                hUSB
 .bss.htim2     0x0000000020013130       0x4c build/main.o
                0x0000000020013130                htim2
 .bss.xCreatedMainTask
                0x000000002001317c        0x4 build/main.o
 .bss.xCreatedQfromHostTask
                0x0000000020013180        0x4 build/main.o
 .bss.xCreatedQtoHostTask
                0x0000000020013184        0x4 build/main.o
 .bss.hpcd_USB_OTG_FS
                0x0000000020013188      0x4e4 build/usbd_conf.o
                0x0000000020013188                hpcd_USB_OTG_FS
 .bss.USBD_StrDesc
                0x000000002001366c       0xc0 build/usbd_desc.o
                0x000000002001366c                USBD_StrDesc
 .bss.buf.0     0x000000002001372c       0x50 build/usbd_gs_can.o
 .bss.ifalt.1   0x000000002001377c        0x1 build/usbd_gs_can.o
 *fill*         0x000000002001377d        0x3 
 .bss.frame_object.0
                0x0000000020013780       0x50 build/board.o
 .bss.hfdcan1   0x00000000200137d0       0xa0 build/board.o
                0x00000000200137d0                hfdcan1
 .bss.hfdcan2   0x0000000020013870       0xa0 build/board.o
                0x0000000020013870                hfdcan2
 .bss.hled1     0x0000000020013910       0x18 build/board.o
                0x0000000020013910                hled1
 .bss.host_channel_is_active
                0x0000000020013928        0x1 build/board.o
 *fill*         0x0000000020013929        0x3 
 .bss.xCreatedMyProgramTask
                0x000000002001392c        0x4 build/board.o
 .bss.HAL_RCC_FDCAN_CLK_ENABLED
                0x0000000020013930        0x4 build/stm32h7xx_hal_msp.o
 .bss.htim1     0x0000000020013934       0x4c build/stm32h7xx_hal_timebase_tim.o
                0x0000000020013934                htim1
 *(COMMON)
                0x0000000020013980                . = ALIGN (0x4)
                0x0000000020013980                _ebss = .
                0x0000000020013980                __bss_end__ = _ebss

._user_heap_stack
                0x0000000020013980      0x600 load address 0x0000000008008908
                0x0000000020013980                . = ALIGN (0x8)
                [!provide]                        PROVIDE (end = .)
                0x0000000020013980                PROVIDE (_end = .)
                0x0000000020013b80                . = (. + _Min_Heap_Size)
 *fill*         0x0000000020013980      0x200 
                0x0000000020013f80                . = (. + _Min_Stack_Size)
 *fill*         0x0000000020013b80      0x400 
                0x0000000020013f80                . = ALIGN (0x8)

/DISCARD/
 libc.a(*)
 libm.a(*)
 libgcc.a(*)

.ARM.attributes
                0x0000000000000000       0x2e
 *(.ARM.attributes)
 .ARM.attributes
                0x0000000000000000       0x1e /home/joseluiz/Programs/gcc-arm-none-eabi-10.3-2021.10-x86_64-linux/bin/../lib/gcc/arm-none-eabi/10.3.1/thumb/v7e-m+dp/hard/crti.o
 .ARM.attributes
                0x000000000000001e       0x32 /home/joseluiz/Programs/gcc-arm-none-eabi-10.3-2021.10-x86_64-linux/bin/../lib/gcc/arm-none-eabi/10.3.1/thumb/v7e-m+dp/hard/crtbegin.o
 .ARM.attributes
                0x0000000000000050       0x32 build/stm32h7xx_hal.o
 .ARM.attributes
                0x0000000000000082       0x32 build/stm32h7xx_hal_cortex.o
 .ARM.attributes
                0x00000000000000b4       0x32 build/stm32h7xx_hal_fdcan.o
 .ARM.attributes
                0x00000000000000e6       0x32 build/stm32h7xx_hal_gpio.o
 .ARM.attributes
                0x0000000000000118       0x32 build/stm32h7xx_hal_pcd.o
 .ARM.attributes
                0x000000000000014a       0x32 build/stm32h7xx_hal_pcd_ex.o
 .ARM.attributes
                0x000000000000017c       0x32 build/stm32h7xx_hal_pwr_ex.o
 .ARM.attributes
                0x00000000000001ae       0x32 build/stm32h7xx_hal_rcc.o
 .ARM.attributes
                0x00000000000001e0       0x32 build/stm32h7xx_hal_rcc_ex.o
 .ARM.attributes
                0x0000000000000212       0x32 build/stm32h7xx_hal_tim.o
 .ARM.attributes
                0x0000000000000244       0x32 build/stm32h7xx_hal_tim_ex.o
 .ARM.attributes
                0x0000000000000276       0x32 build/stm32h7xx_ll_usb.o
 .ARM.attributes
                0x00000000000002a8       0x32 build/usbd_core.o
 .ARM.attributes
                0x00000000000002da       0x32 build/usbd_ctlreq.o
 .ARM.attributes
                0x000000000000030c       0x32 build/usbd_ioreq.o
 .ARM.attributes
                0x000000000000033e       0x32 build/list.o
 .ARM.attributes
                0x0000000000000370       0x32 build/queue.o
 .ARM.attributes
                0x00000000000003a2       0x32 build/tasks.o
 .ARM.attributes
                0x00000000000003d4       0x32 build/port.o
 .ARM.attributes
                0x0000000000000406       0x32 build/heap_4.o
 .ARM.attributes
                0x0000000000000438       0x32 build/can.o
 .ARM.attributes
                0x000000000000046a       0x32 build/led.o
 .ARM.attributes
                0x000000000000049c       0x32 build/main.o
 .ARM.attributes
                0x00000000000004ce       0x32 build/usbd_conf.o
 .ARM.attributes
                0x0000000000000500       0x32 build/usbd_desc.o
 .ARM.attributes
                0x0000000000000532       0x32 build/usbd_gs_can.o
 .ARM.attributes
                0x0000000000000564       0x32 build/board.o
 .ARM.attributes
                0x0000000000000596       0x32 build/stm32h7xx_hal_msp.o
 .ARM.attributes
                0x00000000000005c8       0x32 build/stm32h7xx_hal_timebase_tim.o
 .ARM.attributes
                0x00000000000005fa       0x32 build/stm32h7xx_it.o
 .ARM.attributes
                0x000000000000062c       0x32 build/system_stm32h7xx.o
 .ARM.attributes
                0x000000000000065e       0x21 build/startup_stm32h743xx.o
 .ARM.attributes
                0x000000000000067f       0x32 /home/joseluiz/Programs/gcc-arm-none-eabi-10.3-2021.10-x86_64-linux/bin/../lib/gcc/arm-none-eabi/10.3.1/../../../../arm-none-eabi/lib/thumb/v7e-m+dp/hard/libc_nano.a(lib_a-init.o)
 .ARM.attributes
                0x00000000000006b1       0x32 /home/joseluiz/Programs/gcc-arm-none-eabi-10.3-2021.10-x86_64-linux/bin/../lib/gcc/arm-none-eabi/10.3.1/../../../../arm-none-eabi/lib/thumb/v7e-m+dp/hard/libc_nano.a(lib_a-memcpy-stub.o)
 .ARM.attributes
                0x00000000000006e3       0x32 /home/joseluiz/Programs/gcc-arm-none-eabi-10.3-2021.10-x86_64-linux/bin/../lib/gcc/arm-none-eabi/10.3.1/../../../../arm-none-eabi/lib/thumb/v7e-m+dp/hard/libc_nano.a(lib_a-memset.o)
 .ARM.attributes
                0x0000000000000715       0x1e /home/joseluiz/Programs/gcc-arm-none-eabi-10.3-2021.10-x86_64-linux/bin/../lib/gcc/arm-none-eabi/10.3.1/thumb/v7e-m+dp/hard/crtn.o
OUTPUT(build/DevEBoxH7_fw.elf elf32-littlearm)
LOAD linker stubs
LOAD /home/joseluiz/Programs/gcc-arm-none-eabi-10.3-2021.10-x86_64-linux/bin/../lib/gcc/arm-none-eabi/10.3.1/../../../../arm-none-eabi/lib/thumb/v7e-m+dp/hard/libc.a
LOAD /home/joseluiz/Programs/gcc-arm-none-eabi-10.3-2021.10-x86_64-linux/bin/../lib/gcc/arm-none-eabi/10.3.1/../../../../arm-none-eabi/lib/thumb/v7e-m+dp/hard/libm.a
LOAD /home/joseluiz/Programs/gcc-arm-none-eabi-10.3-2021.10-x86_64-linux/bin/../lib/gcc/arm-none-eabi/10.3.1/thumb/v7e-m+dp/hard/libgcc.a

.debug_info     0x0000000000000000    0x32539
 .debug_info    0x0000000000000000     0x18de build/stm32h7xx_hal.o
 .debug_info    0x00000000000018de     0x155d build/stm32h7xx_hal_cortex.o
 .debug_info    0x0000000000002e3b     0x37bf build/stm32h7xx_hal_fdcan.o
 .debug_info    0x00000000000065fa      0xee1 build/stm32h7xx_hal_gpio.o
 .debug_info    0x00000000000074db     0x1d43 build/stm32h7xx_hal_pcd.o
 .debug_info    0x000000000000921e      0xb31 build/stm32h7xx_hal_pcd_ex.o
 .debug_info    0x0000000000009d4f     0x1342 build/stm32h7xx_hal_pwr_ex.o
 .debug_info    0x000000000000b091     0x13e0 build/stm32h7xx_hal_rcc.o
 .debug_info    0x000000000000c471     0x1cf5 build/stm32h7xx_hal_rcc_ex.o
 .debug_info    0x000000000000e166     0x435b build/stm32h7xx_hal_tim.o
 .debug_info    0x00000000000124c1     0x2042 build/stm32h7xx_hal_tim_ex.o
 .debug_info    0x0000000000014503     0x22bb build/stm32h7xx_ll_usb.o
 .debug_info    0x00000000000167be     0x1390 build/usbd_core.o
 .debug_info    0x0000000000017b4e     0x1506 build/usbd_ctlreq.o
 .debug_info    0x0000000000019054      0x9b0 build/usbd_ioreq.o
 .debug_info    0x0000000000019a04      0x30f build/list.o
 .debug_info    0x0000000000019d13     0x23f6 build/queue.o
 .debug_info    0x000000000001c109     0x2851 build/tasks.o
 .debug_info    0x000000000001e95a      0x5c8 build/port.o
 .debug_info    0x000000000001ef22      0x6b9 build/heap_4.o
 .debug_info    0x000000000001f5db     0x2687 build/can.o
 .debug_info    0x0000000000021c62      0x523 build/led.o
 .debug_info    0x0000000000022185     0x276b build/main.o
 .debug_info    0x00000000000248f0     0x212a build/usbd_conf.o
 .debug_info    0x0000000000026a1a      0x5e4 build/usbd_desc.o
 .debug_info    0x0000000000026ffe     0x2c1f build/usbd_gs_can.o
 .debug_info    0x0000000000029c1d     0x27ae build/board.o
 .debug_info    0x000000000002c3cb     0x2812 build/stm32h7xx_hal_msp.o
 .debug_info    0x000000000002ebdd     0x1292 build/stm32h7xx_hal_timebase_tim.o
 .debug_info    0x000000000002fe6f     0x17f3 build/stm32h7xx_it.o
 .debug_info    0x0000000000031662      0xeb5 build/system_stm32h7xx.o
 .debug_info    0x0000000000032517       0x22 build/startup_stm32h743xx.o

.debug_abbrev   0x0000000000000000     0x54ba
 .debug_abbrev  0x0000000000000000      0x261 build/stm32h7xx_hal.o
 .debug_abbrev  0x0000000000000261      0x395 build/stm32h7xx_hal_cortex.o
 .debug_abbrev  0x00000000000005f6      0x2cb build/stm32h7xx_hal_fdcan.o
 .debug_abbrev  0x00000000000008c1      0x253 build/stm32h7xx_hal_gpio.o
 .debug_abbrev  0x0000000000000b14      0x2c4 build/stm32h7xx_hal_pcd.o
 .debug_abbrev  0x0000000000000dd8      0x26c build/stm32h7xx_hal_pcd_ex.o
 .debug_abbrev  0x0000000000001044      0x2a2 build/stm32h7xx_hal_pwr_ex.o
 .debug_abbrev  0x00000000000012e6      0x27d build/stm32h7xx_hal_rcc.o
 .debug_abbrev  0x0000000000001563      0x286 build/stm32h7xx_hal_rcc_ex.o
 .debug_abbrev  0x00000000000017e9      0x289 build/stm32h7xx_hal_tim.o
 .debug_abbrev  0x0000000000001a72      0x29f build/stm32h7xx_hal_tim_ex.o
 .debug_abbrev  0x0000000000001d11      0x300 build/stm32h7xx_ll_usb.o
 .debug_abbrev  0x0000000000002011      0x2b8 build/usbd_core.o
 .debug_abbrev  0x00000000000022c9      0x36c build/usbd_ctlreq.o
 .debug_abbrev  0x0000000000002635      0x176 build/usbd_ioreq.o
 .debug_abbrev  0x00000000000027ab      0x124 build/list.o
 .debug_abbrev  0x00000000000028cf      0x332 build/queue.o
 .debug_abbrev  0x0000000000002c01      0x3b8 build/tasks.o
 .debug_abbrev  0x0000000000002fb9      0x28a build/port.o
 .debug_abbrev  0x0000000000003243      0x2a4 build/heap_4.o
 .debug_abbrev  0x00000000000034e7      0x465 build/can.o
 .debug_abbrev  0x000000000000394c      0x18a build/led.o
 .debug_abbrev  0x0000000000003ad6      0x4a7 build/main.o
 .debug_abbrev  0x0000000000003f7d      0x3b2 build/usbd_conf.o
 .debug_abbrev  0x000000000000432f      0x239 build/usbd_desc.o
 .debug_abbrev  0x0000000000004568      0x488 build/usbd_gs_can.o
 .debug_abbrev  0x00000000000049f0      0x349 build/board.o
 .debug_abbrev  0x0000000000004d39      0x289 build/stm32h7xx_hal_msp.o
 .debug_abbrev  0x0000000000004fc2      0x211 build/stm32h7xx_hal_timebase_tim.o
 .debug_abbrev  0x00000000000051d3      0x1ab build/stm32h7xx_it.o
 .debug_abbrev  0x000000000000537e      0x12a build/system_stm32h7xx.o
 .debug_abbrev  0x00000000000054a8       0x12 build/startup_stm32h743xx.o

.debug_loc      0x0000000000000000    0x1f7c4
 .debug_loc     0x0000000000000000      0x526 build/stm32h7xx_hal.o
 .debug_loc     0x0000000000000526      0x786 build/stm32h7xx_hal_cortex.o
 .debug_loc     0x0000000000000cac     0x3a37 build/stm32h7xx_hal_fdcan.o
 .debug_loc     0x00000000000046e3      0x482 build/stm32h7xx_hal_gpio.o
 .debug_loc     0x0000000000004b65     0x15ed build/stm32h7xx_hal_pcd.o
 .debug_loc     0x0000000000006152      0x28e build/stm32h7xx_hal_pcd_ex.o
 .debug_loc     0x00000000000063e0      0x5ba build/stm32h7xx_hal_pwr_ex.o
 .debug_loc     0x000000000000699a      0xac2 build/stm32h7xx_hal_rcc.o
 .debug_loc     0x000000000000745c     0x1f9b build/stm32h7xx_hal_rcc_ex.o
 .debug_loc     0x00000000000093f7     0x62a2 build/stm32h7xx_hal_tim.o
 .debug_loc     0x000000000000f699     0x2a63 build/stm32h7xx_hal_tim_ex.o
 .debug_loc     0x00000000000120fc     0x2962 build/stm32h7xx_ll_usb.o
 .debug_loc     0x0000000000014a5e     0x102a build/usbd_core.o
 .debug_loc     0x0000000000015a88     0x1a05 build/usbd_ctlreq.o
 .debug_loc     0x000000000001748d      0x398 build/usbd_ioreq.o
 .debug_loc     0x0000000000017825       0xe5 build/list.o
 .debug_loc     0x000000000001790a     0x1c5b build/queue.o
 .debug_loc     0x0000000000019565     0x258b build/tasks.o
 .debug_loc     0x000000000001baf0      0x1c0 build/port.o
 .debug_loc     0x000000000001bcb0      0x589 build/heap_4.o
 .debug_loc     0x000000000001c239      0x7d9 build/can.o
 .debug_loc     0x000000000001ca12      0x246 build/led.o
 .debug_loc     0x000000000001cc58      0x21a build/main.o
 .debug_loc     0x000000000001ce72      0xe82 build/usbd_conf.o
 .debug_loc     0x000000000001dcf4      0x39d build/usbd_desc.o
 .debug_loc     0x000000000001e091      0xe1a build/usbd_gs_can.o
 .debug_loc     0x000000000001eeab      0x379 build/board.o
 .debug_loc     0x000000000001f224      0x27d build/stm32h7xx_hal_msp.o
 .debug_loc     0x000000000001f4a1       0xcb build/stm32h7xx_hal_timebase_tim.o
 .debug_loc     0x000000000001f56c       0x80 build/stm32h7xx_it.o
 .debug_loc     0x000000000001f5ec      0x1d8 build/system_stm32h7xx.o

.debug_aranges  0x0000000000000000     0x1c28
 .debug_aranges
                0x0000000000000000      0x198 build/stm32h7xx_hal.o
 .debug_aranges
                0x0000000000000198       0xc0 build/stm32h7xx_hal_cortex.o
 .debug_aranges
                0x0000000000000258      0x338 build/stm32h7xx_hal_fdcan.o
 .debug_aranges
                0x0000000000000590       0x58 build/stm32h7xx_hal_gpio.o
 .debug_aranges
                0x00000000000005e8      0x140 build/stm32h7xx_hal_pcd.o
 .debug_aranges
                0x0000000000000728       0x60 build/stm32h7xx_hal_pcd_ex.o
 .debug_aranges
                0x0000000000000788      0x158 build/stm32h7xx_hal_pwr_ex.o
 .debug_aranges
                0x00000000000008e0       0x88 build/stm32h7xx_hal_rcc.o
 .debug_aranges
                0x0000000000000968       0xf8 build/stm32h7xx_hal_rcc_ex.o
 .debug_aranges
                0x0000000000000a60      0x3e0 build/stm32h7xx_hal_tim.o
 .debug_aranges
                0x0000000000000e40      0x188 build/stm32h7xx_hal_tim_ex.o
 .debug_aranges
                0x0000000000000fc8      0x1a0 build/stm32h7xx_ll_usb.o
 .debug_aranges
                0x0000000000001168       0xd8 build/usbd_core.o
 .debug_aranges
                0x0000000000001240       0x88 build/usbd_ctlreq.o
 .debug_aranges
                0x00000000000012c8       0x50 build/usbd_ioreq.o
 .debug_aranges
                0x0000000000001318       0x40 build/list.o
 .debug_aranges
                0x0000000000001358      0x128 build/queue.o
 .debug_aranges
                0x0000000000001480      0x190 build/tasks.o
 .debug_aranges
                0x0000000000001610       0x80 build/port.o
 .debug_aranges
                0x0000000000001690       0x60 build/heap_4.o
 .debug_aranges
                0x00000000000016f0       0xb8 build/can.o
 .debug_aranges
                0x00000000000017a8       0x58 build/led.o
 .debug_aranges
                0x0000000000001800       0x78 build/main.o
 .debug_aranges
                0x0000000000001878      0x108 build/usbd_conf.o
 .debug_aranges
                0x0000000000001980       0x58 build/usbd_desc.o
 .debug_aranges
                0x00000000000019d8       0xa8 build/usbd_gs_can.o
 .debug_aranges
                0x0000000000001a80       0x70 build/board.o
 .debug_aranges
                0x0000000000001af0       0x50 build/stm32h7xx_hal_msp.o
 .debug_aranges
                0x0000000000001b40       0x30 build/stm32h7xx_hal_timebase_tim.o
 .debug_aranges
                0x0000000000001b70       0x68 build/stm32h7xx_it.o
 .debug_aranges
                0x0000000000001bd8       0x28 build/system_stm32h7xx.o
 .debug_aranges
                0x0000000000001c00       0x28 build/startup_stm32h743xx.o

.debug_ranges   0x0000000000000000     0x1e10
 .debug_ranges  0x0000000000000000      0x188 build/stm32h7xx_hal.o
 .debug_ranges  0x0000000000000188      0x110 build/stm32h7xx_hal_cortex.o
 .debug_ranges  0x0000000000000298      0x328 build/stm32h7xx_hal_fdcan.o
 .debug_ranges  0x00000000000005c0       0x48 build/stm32h7xx_hal_gpio.o
 .debug_ranges  0x0000000000000608      0x130 build/stm32h7xx_hal_pcd.o
 .debug_ranges  0x0000000000000738       0x50 build/stm32h7xx_hal_pcd_ex.o
 .debug_ranges  0x0000000000000788      0x148 build/stm32h7xx_hal_pwr_ex.o
 .debug_ranges  0x00000000000008d0       0xe8 build/stm32h7xx_hal_rcc.o
 .debug_ranges  0x00000000000009b8       0xe8 build/stm32h7xx_hal_rcc_ex.o
 .debug_ranges  0x0000000000000aa0      0x3d0 build/stm32h7xx_hal_tim.o
 .debug_ranges  0x0000000000000e70      0x178 build/stm32h7xx_hal_tim_ex.o
 .debug_ranges  0x0000000000000fe8      0x190 build/stm32h7xx_ll_usb.o
 .debug_ranges  0x0000000000001178       0xc8 build/usbd_core.o
 .debug_ranges  0x0000000000001240       0x78 build/usbd_ctlreq.o
 .debug_ranges  0x00000000000012b8       0x40 build/usbd_ioreq.o
 .debug_ranges  0x00000000000012f8       0x30 build/list.o
 .debug_ranges  0x0000000000001328      0x218 build/queue.o
 .debug_ranges  0x0000000000001540      0x360 build/tasks.o
 .debug_ranges  0x00000000000018a0       0x88 build/port.o
 .debug_ranges  0x0000000000001928       0x50 build/heap_4.o
 .debug_ranges  0x0000000000001978       0xa8 build/can.o
 .debug_ranges  0x0000000000001a20       0x48 build/led.o
 .debug_ranges  0x0000000000001a68       0x68 build/main.o
 .debug_ranges  0x0000000000001ad0       0xf8 build/usbd_conf.o
 .debug_ranges  0x0000000000001bc8       0x60 build/usbd_desc.o
 .debug_ranges  0x0000000000001c28       0x98 build/usbd_gs_can.o
 .debug_ranges  0x0000000000001cc0       0x60 build/board.o
 .debug_ranges  0x0000000000001d20       0x40 build/stm32h7xx_hal_msp.o
 .debug_ranges  0x0000000000001d60       0x20 build/stm32h7xx_hal_timebase_tim.o
 .debug_ranges  0x0000000000001d80       0x58 build/stm32h7xx_it.o
 .debug_ranges  0x0000000000001dd8       0x18 build/system_stm32h7xx.o
 .debug_ranges  0x0000000000001df0       0x20 build/startup_stm32h743xx.o

.debug_line     0x0000000000000000    0x1e201
 .debug_line    0x0000000000000000      0x8ec build/stm32h7xx_hal.o
 .debug_line    0x00000000000008ec      0x7db build/stm32h7xx_hal_cortex.o
 .debug_line    0x00000000000010c7     0x324e build/stm32h7xx_hal_fdcan.o
 .debug_line    0x0000000000004315      0x6dd build/stm32h7xx_hal_gpio.o
 .debug_line    0x00000000000049f2     0x155b build/stm32h7xx_hal_pcd.o
 .debug_line    0x0000000000005f4d      0x4b9 build/stm32h7xx_hal_pcd_ex.o
 .debug_line    0x0000000000006406      0xa54 build/stm32h7xx_hal_pwr_ex.o
 .debug_line    0x0000000000006e5a     0x12ea build/stm32h7xx_hal_rcc.o
 .debug_line    0x0000000000008144     0x1fdc build/stm32h7xx_hal_rcc_ex.o
 .debug_line    0x000000000000a120     0x507c build/stm32h7xx_hal_tim.o
 .debug_line    0x000000000000f19c     0x1f28 build/stm32h7xx_hal_tim_ex.o
 .debug_line    0x00000000000110c4     0x1f0f build/stm32h7xx_ll_usb.o
 .debug_line    0x0000000000012fd3      0xa01 build/usbd_core.o
 .debug_line    0x00000000000139d4      0xd9c build/usbd_ctlreq.o
 .debug_line    0x0000000000014770      0x2d8 build/usbd_ioreq.o
 .debug_line    0x0000000000014a48      0x384 build/list.o
 .debug_line    0x0000000000014dcc     0x1cc8 build/queue.o
 .debug_line    0x0000000000016a94     0x2754 build/tasks.o